Logdir /home/haselab/projects/stable-deep-world-model/logs/models/retrain_100k_atari_krull_atari_krull_vta_20260108_185758_to_500000
Config saved to /home/haselab/projects/stable-deep-world-model/logs/models/retrain_100k_atari_krull_atari_krull_vta_20260108_185758_to_500000/config.yaml
Create envs.
Gym has been unmaintained since 2022 and does not support NumPy 2.0 amongst other critical functionality.
Please upgrade to Gymnasium, the maintained drop-in replacement of Gym, or contact the authors of your software and request that they upgrade.
Users of this version of Gym should be able to simply replace 'import gym' with 'import gymnasium as gym' in the vast majority of cases.
See the migration guide at https://gymnasium.farama.org/introduction/migration_guide/ for additional information.
A.L.E: Arcade Learning Environment (version 0.11.2+ecc1138)
[Powered by Stella]
Action Space Box(0.0, 1.0, (18,), float32)
Prefill dataset (0 steps).
Logger: (408384 steps).
Simulate agent.
Encoder CNN shapes: {'image': (64, 64, 3)}
Encoder MLP shapes: {}
Decoder CNN shapes: {'image': (64, 64, 3)}
Decoder MLP shapes: {}
/home/haselab/projects/stable-deep-world-model/src_dreamerv3/tools.py:747: FutureWarning: `torch.cuda.amp.GradScaler(args...)` is deprecated. Please use `torch.amp.GradScaler('cuda', args...)` instead.
  self._scaler = torch.cuda.amp.GradScaler(enabled=use_amp)
Optimizer model_opt has 23085447 variables.
Optimizer actor_opt has 830482 variables.
Optimizer value_opt has 952063 variables.
[408384] 
Start evaluation.
[408384] eval_return 3568.0 / eval_length 1359.0 / eval_episodes 5.0
add_video needs package moviepy
Start training.
/home/haselab/projects/stable-deep-world-model/src_dreamerv3/models.py:146: FutureWarning: `torch.cuda.amp.autocast(args...)` is deprecated. Please use `torch.amp.autocast('cuda', args...)` instead.
  with torch.cuda.amp.autocast(self._use_amp):
/home/haselab/projects/stable-deep-world-model/src_dreamerv3/models.py:216: FutureWarning: `torch.cuda.amp.autocast(args...)` is deprecated. Please use `torch.amp.autocast('cuda', args...)` instead.
  with torch.cuda.amp.autocast(self._use_amp):
/home/haselab/projects/stable-deep-world-model/src_dreamerv3/models.py:448: FutureWarning: `torch.cuda.amp.autocast(args...)` is deprecated. Please use `torch.amp.autocast('cuda', args...)` instead.
  with torch.cuda.amp.autocast(self._use_amp):
/home/haselab/projects/stable-deep-world-model/src_dreamerv3/models.py:479: FutureWarning: `torch.cuda.amp.autocast(args...)` is deprecated. Please use `torch.amp.autocast('cuda', args...)` instead.
  with torch.cuda.amp.autocast(self._use_amp):
[408384] model_loss 12.2 / model_grad_norm 17.8 / image_loss 2.1 / reward_loss 0.1 / cont_loss 0.0 / kl_free 1.0 / dyn_scale 0.5 / rep_scale 0.1 / dyn_loss 16.5 / rep_loss 16.5 / kl 16.5 / prior_abs_ent 30.9 / post_abs_ent -27.0 / prior_obs_ent -1.6 / post_obs_ent -17.4 / boundary_ratio 0.0 / kl_mask 0.0 / normed_target_mean 0.7 / normed_target_std 0.3 / normed_target_min -0.0 / normed_target_max 1.1 / EMA_005 77.3 / EMA_095 1481.9 / value_mean 1012.7 / value_std 427.5 / value_min 61.1 / value_max 1607.7 / target_mean 1014.7 / target_std 433.7 / target_min 62.6 / target_max 1617.4 / imag_reward_mean 2.5 / imag_reward_std 6.5 / imag_reward_min -0.0 / imag_reward_max 333.9 / imag_action_mean 8.5 / imag_action_std 4.9 / imag_action_min 0.0 / imag_action_max 17.0 / actor_entropy 0.3 / actor_loss -0.6 / actor_grad_norm 11.9 / value_loss 1.2 / value_grad_norm 0.6 / update_count 1.0 / fps 0.0
add_video needs package moviepy
add_video needs package moviepy
[410884] 
Start evaluation.
[410884] eval_return 4410.0 / eval_length 1404.0 / eval_episodes 5.0
add_video needs package moviepy
Start training.
[410884] model_loss 12.4 / model_grad_norm 25.7 / image_loss 2.3 / reward_loss 0.1 / cont_loss 0.0 / kl_free 1.0 / dyn_scale 0.5 / rep_scale 0.1 / dyn_loss 16.6 / rep_loss 16.6 / kl 16.6 / prior_abs_ent 29.7 / post_abs_ent -25.7 / prior_obs_ent 0.5 / post_obs_ent -15.0 / boundary_ratio 0.0 / kl_mask 0.0 / normed_target_mean 0.6 / normed_target_std 0.3 / normed_target_min -0.0 / normed_target_max 1.1 / EMA_005 72.4 / EMA_095 1488.0 / value_mean 983.7 / value_std 451.6 / value_min 27.2 / value_max 1625.2 / target_mean 988.0 / target_std 459.2 / target_min 16.7 / target_max 1658.8 / imag_reward_mean 2.9 / imag_reward_std 5.7 / imag_reward_min -0.0 / imag_reward_max 25.8 / imag_action_mean 8.3 / imag_action_std 4.8 / imag_action_min 0.0 / imag_action_max 17.0 / actor_entropy 0.3 / actor_loss 0.7 / actor_grad_norm 14.8 / value_loss 1.2 / value_grad_norm 0.9 / update_count 626.0 / fps 16.5
add_video needs package moviepy
add_video needs package moviepy
[413384] 
Start evaluation.
[413384] eval_return 3864.0 / eval_length 1412.6 / eval_episodes 5.0
add_video needs package moviepy
Start training.
[413384] model_loss 13.1 / model_grad_norm 33.7 / image_loss 3.0 / reward_loss 0.1 / cont_loss 0.0 / kl_free 1.0 / dyn_scale 0.5 / rep_scale 0.1 / dyn_loss 16.6 / rep_loss 16.6 / kl 16.6 / prior_abs_ent 29.5 / post_abs_ent -25.8 / prior_obs_ent 0.3 / post_obs_ent -15.2 / boundary_ratio 0.0 / kl_mask 0.0 / normed_target_mean 0.6 / normed_target_std 0.3 / normed_target_min -0.0 / normed_target_max 1.1 / EMA_005 71.5 / EMA_095 1494.3 / value_mean 978.6 / value_std 451.9 / value_min 28.7 / value_max 1627.2 / target_mean 982.9 / target_std 459.7 / target_min 15.1 / target_max 1659.8 / imag_reward_mean 2.9 / imag_reward_std 5.8 / imag_reward_min -0.0 / imag_reward_max 27.3 / imag_action_mean 8.3 / imag_action_std 4.8 / imag_action_min 0.0 / imag_action_max 17.0 / actor_entropy 0.3 / actor_loss 0.7 / actor_grad_norm 15.2 / value_loss 1.2 / value_grad_norm 0.9 / update_count 1251.0 / fps 16.4
add_video needs package moviepy
add_video needs package moviepy
[413572] dataset_size 103393.0 / train_return 3550.0 / train_length 1297.0 / train_episodes 77.0
[415884] 
Start evaluation.
[415884] eval_return 2744.0 / eval_length 1284.8 / eval_episodes 5.0
add_video needs package moviepy
Start training.
[415884] model_loss 13.3 / model_grad_norm 29.8 / image_loss 3.1 / reward_loss 0.1 / cont_loss 0.0 / kl_free 1.0 / dyn_scale 0.5 / rep_scale 0.1 / dyn_loss 16.7 / rep_loss 16.7 / kl 16.7 / prior_abs_ent 29.5 / post_abs_ent -26.0 / prior_obs_ent 0.3 / post_obs_ent -15.2 / boundary_ratio 0.0 / kl_mask 0.0 / normed_target_mean 0.6 / normed_target_std 0.3 / normed_target_min -0.0 / normed_target_max 1.1 / EMA_005 76.0 / EMA_095 1503.6 / value_mean 987.9 / value_std 451.0 / value_min 29.2 / value_max 1630.1 / target_mean 992.5 / target_std 458.6 / target_min 15.3 / target_max 1664.6 / imag_reward_mean 2.9 / imag_reward_std 5.8 / imag_reward_min -0.0 / imag_reward_max 26.0 / imag_action_mean 8.2 / imag_action_std 4.9 / imag_action_min 0.0 / imag_action_max 17.0 / actor_entropy 0.3 / actor_loss 0.9 / actor_grad_norm 15.4 / value_loss 1.2 / value_grad_norm 0.9 / update_count 1876.0 / fps 16.5
add_video needs package moviepy
add_video needs package moviepy
[418384] 
Start evaluation.
[418384] eval_return 3252.0 / eval_length 1296.4 / eval_episodes 5.0
add_video needs package moviepy
Start training.
[418384] model_loss 13.5 / model_grad_norm 31.8 / image_loss 3.3 / reward_loss 0.1 / cont_loss 0.0 / kl_free 1.0 / dyn_scale 0.5 / rep_scale 0.1 / dyn_loss 16.6 / rep_loss 16.6 / kl 16.6 / prior_abs_ent 30.0 / post_abs_ent -25.6 / prior_obs_ent 0.6 / post_obs_ent -14.9 / boundary_ratio 0.0 / kl_mask 0.0 / normed_target_mean 0.6 / normed_target_std 0.3 / normed_target_min -0.0 / normed_target_max 1.1 / EMA_005 79.2 / EMA_095 1515.2 / value_mean 992.1 / value_std 455.8 / value_min 30.4 / value_max 1634.4 / target_mean 996.6 / target_std 463.2 / target_min 18.4 / target_max 1671.8 / imag_reward_mean 2.9 / imag_reward_std 5.7 / imag_reward_min -0.0 / imag_reward_max 24.1 / imag_action_mean 8.4 / imag_action_std 4.9 / imag_action_min 0.0 / imag_action_max 17.0 / actor_entropy 0.3 / actor_loss 0.9 / actor_grad_norm 15.1 / value_loss 1.2 / value_grad_norm 0.9 / update_count 2501.0 / fps 16.6
add_video needs package moviepy
add_video needs package moviepy
[419240] dataset_size 104810.0 / train_return 3180.0 / train_length 1417.0 / train_episodes 78.0
[420884] 
Start evaluation.
[420884] eval_return 1728.0 / eval_length 1248.6 / eval_episodes 5.0
add_video needs package moviepy
Start training.
[420884] model_loss 13.5 / model_grad_norm 20.1 / image_loss 3.4 / reward_loss 0.1 / cont_loss 0.0 / kl_free 1.0 / dyn_scale 0.5 / rep_scale 0.1 / dyn_loss 16.6 / rep_loss 16.6 / kl 16.6 / prior_abs_ent 30.2 / post_abs_ent -26.0 / prior_obs_ent 0.4 / post_obs_ent -15.1 / boundary_ratio 0.0 / kl_mask 0.0 / normed_target_mean 0.6 / normed_target_std 0.3 / normed_target_min -0.0 / normed_target_max 1.1 / EMA_005 77.4 / EMA_095 1520.7 / value_mean 1000.3 / value_std 457.8 / value_min 28.7 / value_max 1636.6 / target_mean 1004.9 / target_std 464.9 / target_min 15.8 / target_max 1673.5 / imag_reward_mean 2.9 / imag_reward_std 5.8 / imag_reward_min -0.0 / imag_reward_max 28.8 / imag_action_mean 8.4 / imag_action_std 4.9 / imag_action_min 0.0 / imag_action_max 17.0 / actor_entropy 0.3 / actor_loss 0.8 / actor_grad_norm 14.9 / value_loss 1.3 / value_grad_norm 0.9 / update_count 3126.0 / fps 16.6
add_video needs package moviepy
add_video needs package moviepy
[423384] 
Start evaluation.
[423384] eval_return 3298.0 / eval_length 1296.4 / eval_episodes 5.0
add_video needs package moviepy
Start training.
[423384] model_loss 13.8 / model_grad_norm 26.6 / image_loss 3.6 / reward_loss 0.1 / cont_loss 0.0 / kl_free 1.0 / dyn_scale 0.5 / rep_scale 0.1 / dyn_loss 16.7 / rep_loss 16.7 / kl 16.7 / prior_abs_ent 30.3 / post_abs_ent -26.1 / prior_obs_ent 0.8 / post_obs_ent -14.8 / boundary_ratio 0.0 / kl_mask 0.0 / normed_target_mean 0.6 / normed_target_std 0.3 / normed_target_min -0.0 / normed_target_max 1.1 / EMA_005 64.3 / EMA_095 1528.7 / value_mean 994.4 / value_std 467.3 / value_min 27.9 / value_max 1640.9 / target_mean 998.3 / target_std 474.4 / target_min 15.9 / target_max 1678.1 / imag_reward_mean 2.9 / imag_reward_std 5.7 / imag_reward_min -0.0 / imag_reward_max 28.1 / imag_action_mean 8.5 / imag_action_std 4.9 / imag_action_min 0.0 / imag_action_max 17.0 / actor_entropy 0.3 / actor_loss 0.6 / actor_grad_norm 15.2 / value_loss 1.3 / value_grad_norm 0.9 / update_count 3751.0 / fps 16.5
add_video needs package moviepy
add_video needs package moviepy
[425072] dataset_size 106268.0 / train_return 4050.0 / train_length 1458.0 / train_episodes 79.0
[425884] 
Start evaluation.
[425884] eval_return 4664.0 / eval_length 1460.4 / eval_episodes 5.0
add_video needs package moviepy
Start training.
[425884] model_loss 13.8 / model_grad_norm 27.3 / image_loss 3.6 / reward_loss 0.1 / cont_loss 0.0 / kl_free 1.0 / dyn_scale 0.5 / rep_scale 0.1 / dyn_loss 16.7 / rep_loss 16.7 / kl 16.7 / prior_abs_ent 30.4 / post_abs_ent -26.0 / prior_obs_ent 0.9 / post_obs_ent -14.7 / boundary_ratio 0.0 / kl_mask 0.0 / normed_target_mean 0.6 / normed_target_std 0.3 / normed_target_min -0.0 / normed_target_max 1.1 / EMA_005 68.2 / EMA_095 1535.0 / value_mean 995.4 / value_std 466.9 / value_min 26.8 / value_max 1648.5 / target_mean 1000.0 / target_std 474.5 / target_min 14.5 / target_max 1681.4 / imag_reward_mean 2.9 / imag_reward_std 5.7 / imag_reward_min -0.0 / imag_reward_max 22.2 / imag_action_mean 8.7 / imag_action_std 4.9 / imag_action_min 0.0 / imag_action_max 17.0 / actor_entropy 0.3 / actor_loss 0.8 / actor_grad_norm 15.3 / value_loss 1.3 / value_grad_norm 0.9 / update_count 4376.0 / fps 16.3
add_video needs package moviepy
add_video needs package moviepy
[428384] 
Start evaluation.
[428384] eval_return 4092.0 / eval_length 1376.2 / eval_episodes 5.0
add_video needs package moviepy
Start training.
[428384] model_loss 13.8 / model_grad_norm 27.8 / image_loss 3.6 / reward_loss 0.1 / cont_loss 0.0 / kl_free 1.0 / dyn_scale 0.5 / rep_scale 0.1 / dyn_loss 16.7 / rep_loss 16.7 / kl 16.7 / prior_abs_ent 30.3 / post_abs_ent -26.2 / prior_obs_ent 0.6 / post_obs_ent -15.0 / boundary_ratio 0.0 / kl_mask 0.0 / normed_target_mean 0.6 / normed_target_std 0.3 / normed_target_min -0.0 / normed_target_max 1.1 / EMA_005 70.5 / EMA_095 1543.4 / value_mean 1004.0 / value_std 462.0 / value_min 29.9 / value_max 1652.8 / target_mean 1008.7 / target_std 469.4 / target_min 21.1 / target_max 1685.0 / imag_reward_mean 2.9 / imag_reward_std 5.8 / imag_reward_min -0.0 / imag_reward_max 29.6 / imag_action_mean 8.4 / imag_action_std 4.9 / imag_action_min 0.0 / imag_action_max 17.0 / actor_entropy 0.3 / actor_loss 0.9 / actor_grad_norm 15.2 / value_loss 1.3 / value_grad_norm 1.0 / update_count 5001.0 / fps 16.4
add_video needs package moviepy
add_video needs package moviepy
[430884] 
Start evaluation.
[430884] eval_return 3638.0 / eval_length 1303.8 / eval_episodes 5.0
add_video needs package moviepy
Start training.
[430884] model_loss 13.8 / model_grad_norm 25.8 / image_loss 3.7 / reward_loss 0.1 / cont_loss 0.0 / kl_free 1.0 / dyn_scale 0.5 / rep_scale 0.1 / dyn_loss 16.7 / rep_loss 16.7 / kl 16.7 / prior_abs_ent 30.2 / post_abs_ent -26.0 / prior_obs_ent 0.8 / post_obs_ent -14.8 / boundary_ratio 0.0 / kl_mask 0.0 / normed_target_mean 0.6 / normed_target_std 0.3 / normed_target_min -0.0 / normed_target_max 1.1 / EMA_005 70.4 / EMA_095 1545.0 / value_mean 999.1 / value_std 470.4 / value_min 27.0 / value_max 1663.9 / target_mean 1003.4 / target_std 477.1 / target_min 19.8 / target_max 1692.1 / imag_reward_mean 2.9 / imag_reward_std 5.7 / imag_reward_min -0.0 / imag_reward_max 28.2 / imag_action_mean 8.1 / imag_action_std 4.9 / imag_action_min 0.0 / imag_action_max 17.0 / actor_entropy 0.3 / actor_loss 0.8 / actor_grad_norm 14.0 / value_loss 1.3 / value_grad_norm 1.0 / update_count 5626.0 / fps 16.4
add_video needs package moviepy
add_video needs package moviepy
[430928] dataset_size 107732.0 / train_return 4490.0 / train_length 1464.0 / train_episodes 80.0
[433384] 
Start evaluation.
[433384] eval_return 4604.0 / eval_length 1457.4 / eval_episodes 5.0
add_video needs package moviepy
Start training.
[433384] model_loss 13.7 / model_grad_norm 27.7 / image_loss 3.5 / reward_loss 0.1 / cont_loss 0.0 / kl_free 1.0 / dyn_scale 0.5 / rep_scale 0.1 / dyn_loss 16.7 / rep_loss 16.7 / kl 16.7 / prior_abs_ent 30.2 / post_abs_ent -25.9 / prior_obs_ent 0.7 / post_obs_ent -14.9 / boundary_ratio 0.0 / kl_mask 0.0 / normed_target_mean 0.6 / normed_target_std 0.3 / normed_target_min -0.0 / normed_target_max 1.1 / EMA_005 82.2 / EMA_095 1551.8 / value_mean 1023.1 / value_std 462.4 / value_min 30.3 / value_max 1676.7 / target_mean 1027.2 / target_std 468.8 / target_min 23.9 / target_max 1698.6 / imag_reward_mean 2.9 / imag_reward_std 5.7 / imag_reward_min -0.0 / imag_reward_max 26.9 / imag_action_mean 8.2 / imag_action_std 4.8 / imag_action_min 0.0 / imag_action_max 17.0 / actor_entropy 0.3 / actor_loss 0.7 / actor_grad_norm 13.6 / value_loss 1.3 / value_grad_norm 0.9 / update_count 6251.0 / fps 16.3
add_video needs package moviepy
add_video needs package moviepy
[435884] 
Start evaluation.
[435884] eval_return 3588.0 / eval_length 1203.2 / eval_episodes 5.0
add_video needs package moviepy
Start training.
[435884] model_loss 13.9 / model_grad_norm 26.9 / image_loss 3.7 / reward_loss 0.1 / cont_loss 0.0 / kl_free 1.0 / dyn_scale 0.5 / rep_scale 0.1 / dyn_loss 16.8 / rep_loss 16.8 / kl 16.8 / prior_abs_ent 30.5 / post_abs_ent -26.0 / prior_obs_ent 1.0 / post_obs_ent -14.6 / boundary_ratio 0.0 / kl_mask 0.0 / normed_target_mean 0.6 / normed_target_std 0.3 / normed_target_min -0.0 / normed_target_max 1.1 / EMA_005 74.2 / EMA_095 1562.2 / value_mean 1031.8 / value_std 470.8 / value_min 27.7 / value_max 1690.6 / target_mean 1035.7 / target_std 477.0 / target_min 20.0 / target_max 1708.1 / imag_reward_mean 2.9 / imag_reward_std 5.7 / imag_reward_min -0.0 / imag_reward_max 25.2 / imag_action_mean 8.3 / imag_action_std 4.9 / imag_action_min 0.0 / imag_action_max 17.0 / actor_entropy 0.3 / actor_loss 0.7 / actor_grad_norm 13.7 / value_loss 1.3 / value_grad_norm 0.9 / update_count 6876.0 / fps 16.5
add_video needs package moviepy
add_video needs package moviepy
[436944] dataset_size 109236.0 / train_return 4920.0 / train_length 1504.0 / train_episodes 81.0
[438384] 
Start evaluation.
[438384] eval_return 4260.0 / eval_length 1347.8 / eval_episodes 5.0
add_video needs package moviepy
Start training.
[438384] model_loss 14.0 / model_grad_norm 31.0 / image_loss 3.8 / reward_loss 0.1 / cont_loss 0.0 / kl_free 1.0 / dyn_scale 0.5 / rep_scale 0.1 / dyn_loss 16.7 / rep_loss 16.7 / kl 16.7 / prior_abs_ent 30.6 / post_abs_ent -26.1 / prior_obs_ent 0.8 / post_obs_ent -14.7 / boundary_ratio 0.0 / kl_mask 0.0 / normed_target_mean 0.6 / normed_target_std 0.3 / normed_target_min -0.0 / normed_target_max 1.1 / EMA_005 72.0 / EMA_095 1571.4 / value_mean 1040.0 / value_std 474.3 / value_min 25.6 / value_max 1703.4 / target_mean 1043.6 / target_std 480.2 / target_min 18.9 / target_max 1716.1 / imag_reward_mean 2.9 / imag_reward_std 5.7 / imag_reward_min -0.0 / imag_reward_max 24.4 / imag_action_mean 8.2 / imag_action_std 4.9 / imag_action_min 0.0 / imag_action_max 17.0 / actor_entropy 0.3 / actor_loss 0.6 / actor_grad_norm 13.7 / value_loss 1.3 / value_grad_norm 0.9 / update_count 7501.0 / fps 16.4
add_video needs package moviepy
add_video needs package moviepy
[440884] 
Start evaluation.
[440884] eval_return 4234.0 / eval_length 1353.6 / eval_episodes 5.0
add_video needs package moviepy
Start training.
[440884] model_loss 13.8 / model_grad_norm 24.4 / image_loss 3.6 / reward_loss 0.1 / cont_loss 0.0 / kl_free 1.0 / dyn_scale 0.5 / rep_scale 0.1 / dyn_loss 16.8 / rep_loss 16.8 / kl 16.8 / prior_abs_ent 30.4 / post_abs_ent -26.2 / prior_obs_ent 0.7 / post_obs_ent -14.9 / boundary_ratio 0.0 / kl_mask 0.0 / normed_target_mean 0.6 / normed_target_std 0.3 / normed_target_min -0.0 / normed_target_max 1.1 / EMA_005 72.4 / EMA_095 1580.4 / value_mean 1037.1 / value_std 475.9 / value_min 26.8 / value_max 1715.8 / target_mean 1040.1 / target_std 482.1 / target_min 20.0 / target_max 1726.7 / imag_reward_mean 2.9 / imag_reward_std 5.7 / imag_reward_min -0.0 / imag_reward_max 26.4 / imag_action_mean 8.3 / imag_action_std 4.8 / imag_action_min 0.0 / imag_action_max 17.0 / actor_entropy 0.3 / actor_loss 0.4 / actor_grad_norm 14.1 / value_loss 1.3 / value_grad_norm 0.9 / update_count 8126.0 / fps 16.3
add_video needs package moviepy
add_video needs package moviepy
[441168] dataset_size 110292.0 / train_return 3250.0 / train_length 1056.0 / train_episodes 82.0
[443384] 
Start evaluation.
[443384] eval_return 3738.0 / eval_length 1293.4 / eval_episodes 5.0
add_video needs package moviepy
Start training.
[443384] model_loss 14.0 / model_grad_norm 27.2 / image_loss 3.8 / reward_loss 0.1 / cont_loss 0.0 / kl_free 1.0 / dyn_scale 0.5 / rep_scale 0.1 / dyn_loss 16.8 / rep_loss 16.8 / kl 16.8 / prior_abs_ent 30.6 / post_abs_ent -26.3 / prior_obs_ent 1.0 / post_obs_ent -14.6 / boundary_ratio 0.0 / kl_mask 0.0 / normed_target_mean 0.6 / normed_target_std 0.3 / normed_target_min -0.0 / normed_target_max 1.1 / EMA_005 81.3 / EMA_095 1584.2 / value_mean 1034.9 / value_std 471.7 / value_min 27.6 / value_max 1731.5 / target_mean 1038.4 / target_std 478.5 / target_min 19.5 / target_max 1737.6 / imag_reward_mean 2.9 / imag_reward_std 5.7 / imag_reward_min -0.0 / imag_reward_max 26.7 / imag_action_mean 8.1 / imag_action_std 4.8 / imag_action_min 0.0 / imag_action_max 17.0 / actor_entropy 0.3 / actor_loss 0.5 / actor_grad_norm 14.0 / value_loss 1.3 / value_grad_norm 0.9 / update_count 8751.0 / fps 16.4
add_video needs package moviepy
add_video needs package moviepy
[445884] 
Start evaluation.
[445884] eval_return 4776.0 / eval_length 1451.8 / eval_episodes 5.0
add_video needs package moviepy
Start training.
[445884] model_loss 14.0 / model_grad_norm 27.0 / image_loss 3.8 / reward_loss 0.1 / cont_loss 0.0 / kl_free 1.0 / dyn_scale 0.5 / rep_scale 0.1 / dyn_loss 16.7 / rep_loss 16.7 / kl 16.7 / prior_abs_ent 30.5 / post_abs_ent -26.2 / prior_obs_ent 0.6 / post_obs_ent -15.0 / boundary_ratio 0.0 / kl_mask 0.0 / normed_target_mean 0.6 / normed_target_std 0.3 / normed_target_min -0.0 / normed_target_max 1.1 / EMA_005 80.1 / EMA_095 1588.9 / value_mean 1042.8 / value_std 472.0 / value_min 29.1 / value_max 1750.9 / target_mean 1045.9 / target_std 478.7 / target_min 20.0 / target_max 1753.3 / imag_reward_mean 2.9 / imag_reward_std 5.8 / imag_reward_min -0.0 / imag_reward_max 27.8 / imag_action_mean 7.7 / imag_action_std 4.8 / imag_action_min 0.0 / imag_action_max 17.0 / actor_entropy 0.3 / actor_loss 0.4 / actor_grad_norm 14.1 / value_loss 1.3 / value_grad_norm 0.9 / update_count 9376.0 / fps 16.2
add_video needs package moviepy
add_video needs package moviepy
[447016] dataset_size 111754.0 / train_return 3890.0 / train_length 1462.0 / train_episodes 83.0
[448384] 
Start evaluation.
[448384] eval_return 4804.0 / eval_length 1360.2 / eval_episodes 5.0
add_video needs package moviepy
Start training.
[448384] model_loss 14.0 / model_grad_norm 25.6 / image_loss 3.9 / reward_loss 0.1 / cont_loss 0.0 / kl_free 1.0 / dyn_scale 0.5 / rep_scale 0.1 / dyn_loss 16.7 / rep_loss 16.7 / kl 16.7 / prior_abs_ent 30.8 / post_abs_ent -26.2 / prior_obs_ent 0.7 / post_obs_ent -14.7 / boundary_ratio 0.0 / kl_mask 0.0 / normed_target_mean 0.6 / normed_target_std 0.3 / normed_target_min -0.0 / normed_target_max 1.1 / EMA_005 72.4 / EMA_095 1595.0 / value_mean 1039.4 / value_std 477.1 / value_min 24.7 / value_max 1760.7 / target_mean 1042.7 / target_std 484.2 / target_min 15.1 / target_max 1762.1 / imag_reward_mean 2.9 / imag_reward_std 5.8 / imag_reward_min -0.0 / imag_reward_max 28.5 / imag_action_mean 7.8 / imag_action_std 4.9 / imag_action_min 0.0 / imag_action_max 17.0 / actor_entropy 0.3 / actor_loss 0.5 / actor_grad_norm 14.4 / value_loss 1.3 / value_grad_norm 0.9 / update_count 10001.0 / fps 16.3
add_video needs package moviepy
add_video needs package moviepy
[450884] 
Start evaluation.
[450884] eval_return 4684.0 / eval_length 1376.4 / eval_episodes 5.0
add_video needs package moviepy
Start training.
[450884] model_loss 14.0 / model_grad_norm 28.9 / image_loss 3.9 / reward_loss 0.1 / cont_loss 0.0 / kl_free 1.0 / dyn_scale 0.5 / rep_scale 0.1 / dyn_loss 16.7 / rep_loss 16.7 / kl 16.7 / prior_abs_ent 30.8 / post_abs_ent -26.0 / prior_obs_ent 0.9 / post_obs_ent -14.6 / boundary_ratio 0.0 / kl_mask 0.0 / normed_target_mean 0.6 / normed_target_std 0.3 / normed_target_min -0.0 / normed_target_max 1.1 / EMA_005 72.1 / EMA_095 1604.2 / value_mean 1032.8 / value_std 482.7 / value_min 23.7 / value_max 1774.3 / target_mean 1036.3 / target_std 490.1 / target_min 15.3 / target_max 1776.1 / imag_reward_mean 2.9 / imag_reward_std 5.8 / imag_reward_min -0.0 / imag_reward_max 28.4 / imag_action_mean 8.0 / imag_action_std 4.8 / imag_action_min 0.0 / imag_action_max 17.0 / actor_entropy 0.3 / actor_loss 0.5 / actor_grad_norm 14.5 / value_loss 1.3 / value_grad_norm 0.9 / update_count 10626.0 / fps 16.2
add_video needs package moviepy
add_video needs package moviepy
[452840] dataset_size 113210.0 / train_return 4970.0 / train_length 1456.0 / train_episodes 84.0
[453384] 
Start evaluation.
[453384] eval_return 3594.0 / eval_length 1232.0 / eval_episodes 5.0
add_video needs package moviepy
Start training.
[453384] model_loss 14.1 / model_grad_norm 28.3 / image_loss 3.9 / reward_loss 0.1 / cont_loss 0.0 / kl_free 1.0 / dyn_scale 0.5 / rep_scale 0.1 / dyn_loss 16.6 / rep_loss 16.6 / kl 16.6 / prior_abs_ent 30.8 / post_abs_ent -26.1 / prior_obs_ent 0.8 / post_obs_ent -14.6 / boundary_ratio 0.0 / kl_mask 0.0 / normed_target_mean 0.6 / normed_target_std 0.3 / normed_target_min -0.0 / normed_target_max 1.1 / EMA_005 79.7 / EMA_095 1604.6 / value_mean 1033.2 / value_std 473.0 / value_min 26.1 / value_max 1777.2 / target_mean 1036.6 / target_std 480.5 / target_min 15.9 / target_max 1779.1 / imag_reward_mean 2.9 / imag_reward_std 5.7 / imag_reward_min -0.0 / imag_reward_max 24.7 / imag_action_mean 7.9 / imag_action_std 4.7 / imag_action_min 0.0 / imag_action_max 17.0 / actor_entropy 0.3 / actor_loss 0.4 / actor_grad_norm 14.7 / value_loss 1.3 / value_grad_norm 0.9 / update_count 11251.0 / fps 16.4
add_video needs package moviepy
add_video needs package moviepy
[455884] 
Start evaluation.
[455884] eval_return 4978.0 / eval_length 1471.8 / eval_episodes 5.0
add_video needs package moviepy
Start training.
[455884] model_loss 14.2 / model_grad_norm 28.0 / image_loss 4.1 / reward_loss 0.1 / cont_loss 0.0 / kl_free 1.0 / dyn_scale 0.5 / rep_scale 0.1 / dyn_loss 16.6 / rep_loss 16.6 / kl 16.6 / prior_abs_ent 31.1 / post_abs_ent -26.0 / prior_obs_ent 0.9 / post_obs_ent -14.5 / boundary_ratio 0.0 / kl_mask 0.0 / normed_target_mean 0.6 / normed_target_std 0.3 / normed_target_min -0.0 / normed_target_max 1.1 / EMA_005 74.0 / EMA_095 1601.4 / value_mean 1022.9 / value_std 475.6 / value_min 24.2 / value_max 1780.6 / target_mean 1026.5 / target_std 483.3 / target_min 16.6 / target_max 1781.7 / imag_reward_mean 2.9 / imag_reward_std 5.7 / imag_reward_min -0.0 / imag_reward_max 25.4 / imag_action_mean 7.9 / imag_action_std 4.7 / imag_action_min 0.0 / imag_action_max 17.0 / actor_entropy 0.3 / actor_loss 0.5 / actor_grad_norm 14.7 / value_loss 1.3 / value_grad_norm 0.9 / update_count 11876.0 / fps 16.2
add_video needs package moviepy
add_video needs package moviepy
[458384] 
Start evaluation.
[458384] eval_return 4608.0 / eval_length 1376.8 / eval_episodes 5.0
add_video needs package moviepy
Start training.
[458384] model_loss 14.0 / model_grad_norm 27.6 / image_loss 3.9 / reward_loss 0.1 / cont_loss 0.0 / kl_free 1.0 / dyn_scale 0.5 / rep_scale 0.1 / dyn_loss 16.7 / rep_loss 16.7 / kl 16.7 / prior_abs_ent 30.9 / post_abs_ent -26.2 / prior_obs_ent 0.5 / post_obs_ent -15.0 / boundary_ratio 0.0 / kl_mask 0.0 / normed_target_mean 0.6 / normed_target_std 0.3 / normed_target_min -0.0 / normed_target_max 1.1 / EMA_005 83.1 / EMA_095 1611.0 / value_mean 1034.5 / value_std 469.4 / value_min 25.8 / value_max 1795.9 / target_mean 1038.7 / target_std 477.7 / target_min 16.6 / target_max 1799.7 / imag_reward_mean 2.9 / imag_reward_std 5.7 / imag_reward_min -0.0 / imag_reward_max 24.2 / imag_action_mean 7.7 / imag_action_std 4.7 / imag_action_min 0.0 / imag_action_max 17.0 / actor_entropy 0.3 / actor_loss 0.7 / actor_grad_norm 15.1 / value_loss 1.3 / value_grad_norm 0.9 / update_count 12501.0 / fps 16.2
add_video needs package moviepy
add_video needs package moviepy
[458576] dataset_size 114644.0 / train_return 5190.0 / train_length 1434.0 / train_episodes 85.0
[460884] 
Start evaluation.
[460884] eval_return 5158.0 / eval_length 1438.2 / eval_episodes 5.0
add_video needs package moviepy
Start training.
[460884] model_loss 14.0 / model_grad_norm 28.2 / image_loss 4.0 / reward_loss 0.1 / cont_loss 0.0 / kl_free 1.0 / dyn_scale 0.5 / rep_scale 0.1 / dyn_loss 16.5 / rep_loss 16.5 / kl 16.5 / prior_abs_ent 30.9 / post_abs_ent -26.2 / prior_obs_ent 0.4 / post_obs_ent -14.9 / boundary_ratio 0.0 / kl_mask 0.0 / normed_target_mean 0.6 / normed_target_std 0.3 / normed_target_min -0.0 / normed_target_max 1.1 / EMA_005 74.1 / EMA_095 1596.1 / value_mean 1020.8 / value_std 475.1 / value_min 22.3 / value_max 1763.9 / target_mean 1024.2 / target_std 482.7 / target_min 12.5 / target_max 1766.2 / imag_reward_mean 2.8 / imag_reward_std 5.7 / imag_reward_min -0.0 / imag_reward_max 27.7 / imag_action_mean 7.8 / imag_action_std 4.7 / imag_action_min 0.0 / imag_action_max 17.0 / actor_entropy 0.3 / actor_loss 0.5 / actor_grad_norm 14.6 / value_loss 1.3 / value_grad_norm 0.9 / update_count 13126.0 / fps 16.3
add_video needs package moviepy
add_video needs package moviepy
[463384] 
Start evaluation.
[463384] eval_return 3972.0 / eval_length 1222.8 / eval_episodes 5.0
add_video needs package moviepy
Start training.
[463384] model_loss 14.1 / model_grad_norm 27.8 / image_loss 4.0 / reward_loss 0.1 / cont_loss 0.0 / kl_free 1.0 / dyn_scale 0.5 / rep_scale 0.1 / dyn_loss 16.6 / rep_loss 16.6 / kl 16.6 / prior_abs_ent 31.0 / post_abs_ent -26.2 / prior_obs_ent 0.9 / post_obs_ent -14.4 / boundary_ratio 0.0 / kl_mask 0.0 / normed_target_mean 0.6 / normed_target_std 0.3 / normed_target_min -0.0 / normed_target_max 1.1 / EMA_005 56.8 / EMA_095 1596.2 / value_mean 1023.4 / value_std 480.1 / value_min 23.0 / value_max 1762.2 / target_mean 1027.5 / target_std 487.9 / target_min 14.4 / target_max 1765.9 / imag_reward_mean 2.9 / imag_reward_std 5.7 / imag_reward_min -0.0 / imag_reward_max 23.7 / imag_action_mean 8.0 / imag_action_std 4.7 / imag_action_min 0.0 / imag_action_max 17.0 / actor_entropy 0.3 / actor_loss 0.7 / actor_grad_norm 15.0 / value_loss 1.3 / value_grad_norm 0.9 / update_count 13751.0 / fps 16.5
add_video needs package moviepy
add_video needs package moviepy
[463608] dataset_size 115902.0 / train_return 4840.0 / train_length 1258.0 / train_episodes 86.0
[465884] 
Start evaluation.
[465884] eval_return 5632.0 / eval_length 1424.6 / eval_episodes 5.0
add_video needs package moviepy
Start training.
[465884] model_loss 14.2 / model_grad_norm 29.1 / image_loss 4.1 / reward_loss 0.1 / cont_loss 0.0 / kl_free 1.0 / dyn_scale 0.5 / rep_scale 0.1 / dyn_loss 16.5 / rep_loss 16.5 / kl 16.5 / prior_abs_ent 31.2 / post_abs_ent -26.1 / prior_obs_ent 0.8 / post_obs_ent -14.5 / boundary_ratio 0.0 / kl_mask 0.0 / normed_target_mean 0.6 / normed_target_std 0.3 / normed_target_min -0.0 / normed_target_max 1.1 / EMA_005 58.3 / EMA_095 1592.6 / value_mean 1016.7 / value_std 480.2 / value_min 20.6 / value_max 1758.6 / target_mean 1019.8 / target_std 489.0 / target_min 8.5 / target_max 1761.4 / imag_reward_mean 2.9 / imag_reward_std 5.7 / imag_reward_min -0.0 / imag_reward_max 24.5 / imag_action_mean 7.8 / imag_action_std 4.8 / imag_action_min 0.0 / imag_action_max 17.0 / actor_entropy 0.3 / actor_loss 0.5 / actor_grad_norm 16.1 / value_loss 1.3 / value_grad_norm 0.9 / update_count 14376.0 / fps 16.3
add_video needs package moviepy
add_video needs package moviepy
[468384] 
Start evaluation.
[468384] eval_return 5556.0 / eval_length 1472.2 / eval_episodes 5.0
add_video needs package moviepy
Start training.
[468384] model_loss 14.2 / model_grad_norm 27.8 / image_loss 4.1 / reward_loss 0.1 / cont_loss 0.0 / kl_free 1.0 / dyn_scale 0.5 / rep_scale 0.1 / dyn_loss 16.5 / rep_loss 16.5 / kl 16.5 / prior_abs_ent 31.0 / post_abs_ent -26.2 / prior_obs_ent 0.8 / post_obs_ent -14.5 / boundary_ratio 0.0 / kl_mask 0.0 / normed_target_mean 0.6 / normed_target_std 0.3 / normed_target_min -0.0 / normed_target_max 1.1 / EMA_005 54.8 / EMA_095 1596.9 / value_mean 1002.3 / value_std 478.3 / value_min 20.1 / value_max 1768.4 / target_mean 1006.1 / target_std 488.1 / target_min 5.0 / target_max 1771.2 / imag_reward_mean 2.9 / imag_reward_std 5.7 / imag_reward_min -0.0 / imag_reward_max 27.3 / imag_action_mean 7.9 / imag_action_std 4.8 / imag_action_min 0.0 / imag_action_max 17.0 / actor_entropy 0.3 / actor_loss 0.6 / actor_grad_norm 17.8 / value_loss 1.3 / value_grad_norm 1.0 / update_count 15001.0 / fps 16.2
add_video needs package moviepy
add_video needs package moviepy
[469424] dataset_size 117356.0 / train_return 6130.0 / train_length 1454.0 / train_episodes 87.0
[470884] 
Start evaluation.
[470884] eval_return 4712.0 / eval_length 1259.0 / eval_episodes 5.0
add_video needs package moviepy
Start training.
[470884] model_loss 14.1 / model_grad_norm 29.1 / image_loss 4.1 / reward_loss 0.1 / cont_loss 0.0 / kl_free 1.0 / dyn_scale 0.5 / rep_scale 0.1 / dyn_loss 16.6 / rep_loss 16.6 / kl 16.6 / prior_abs_ent 31.1 / post_abs_ent -26.3 / prior_obs_ent 1.1 / post_obs_ent -14.2 / boundary_ratio 0.0 / kl_mask 0.0 / normed_target_mean 0.6 / normed_target_std 0.3 / normed_target_min -0.0 / normed_target_max 1.1 / EMA_005 60.1 / EMA_095 1585.7 / value_mean 983.8 / value_std 470.6 / value_min 20.2 / value_max 1764.2 / target_mean 988.4 / target_std 481.3 / target_min 5.1 / target_max 1764.7 / imag_reward_mean 2.9 / imag_reward_std 5.7 / imag_reward_min -0.0 / imag_reward_max 26.8 / imag_action_mean 7.8 / imag_action_std 4.7 / imag_action_min 0.0 / imag_action_max 17.0 / actor_entropy 0.3 / actor_loss 0.8 / actor_grad_norm 18.1 / value_loss 1.3 / value_grad_norm 1.0 / update_count 15626.0 / fps 16.5
add_video needs package moviepy
add_video needs package moviepy
[473384] 
Start evaluation.
[473384] eval_return 5224.0 / eval_length 1443.0 / eval_episodes 5.0
add_video needs package moviepy
Start training.
[473384] model_loss 14.2 / model_grad_norm 26.0 / image_loss 4.2 / reward_loss 0.1 / cont_loss 0.0 / kl_free 1.0 / dyn_scale 0.5 / rep_scale 0.1 / dyn_loss 16.5 / rep_loss 16.5 / kl 16.5 / prior_abs_ent 31.2 / post_abs_ent -26.2 / prior_obs_ent 0.6 / post_obs_ent -14.7 / boundary_ratio 0.0 / kl_mask 0.0 / normed_target_mean 0.6 / normed_target_std 0.3 / normed_target_min -0.0 / normed_target_max 1.1 / EMA_005 64.1 / EMA_095 1577.1 / value_mean 983.0 / value_std 463.7 / value_min 20.8 / value_max 1767.2 / target_mean 988.2 / target_std 474.3 / target_min 6.6 / target_max 1770.5 / imag_reward_mean 2.9 / imag_reward_std 5.7 / imag_reward_min -0.0 / imag_reward_max 25.7 / imag_action_mean 7.7 / imag_action_std 4.6 / imag_action_min 0.0 / imag_action_max 17.0 / actor_entropy 0.3 / actor_loss 1.0 / actor_grad_norm 17.7 / value_loss 1.3 / value_grad_norm 1.1 / update_count 16251.0 / fps 16.2
add_video needs package moviepy
add_video needs package moviepy
[475132] dataset_size 118783.0 / train_return 5510.0 / train_length 1427.0 / train_episodes 88.0
[475884] 
Start evaluation.
[475884] eval_return 5830.0 / eval_length 1401.2 / eval_episodes 5.0
add_video needs package moviepy
Start training.
[475884] model_loss 14.2 / model_grad_norm 28.1 / image_loss 4.2 / reward_loss 0.1 / cont_loss 0.0 / kl_free 1.0 / dyn_scale 0.5 / rep_scale 0.1 / dyn_loss 16.4 / rep_loss 16.4 / kl 16.4 / prior_abs_ent 31.2 / post_abs_ent -26.2 / prior_obs_ent 0.6 / post_obs_ent -14.6 / boundary_ratio 0.0 / kl_mask 0.0 / normed_target_mean 0.6 / normed_target_std 0.3 / normed_target_min -0.0 / normed_target_max 1.1 / EMA_005 56.4 / EMA_095 1537.2 / value_mean 965.4 / value_std 460.3 / value_min 19.9 / value_max 1697.5 / target_mean 969.4 / target_std 469.4 / target_min 6.1 / target_max 1713.7 / imag_reward_mean 2.8 / imag_reward_std 5.6 / imag_reward_min -0.0 / imag_reward_max 23.5 / imag_action_mean 7.6 / imag_action_std 4.5 / imag_action_min 0.0 / imag_action_max 17.0 / actor_entropy 0.3 / actor_loss 0.6 / actor_grad_norm 16.3 / value_loss 1.3 / value_grad_norm 1.0 / update_count 16876.0 / fps 16.3
add_video needs package moviepy
add_video needs package moviepy
[478384] 
Start evaluation.
[478384] eval_return 5416.0 / eval_length 1350.6 / eval_episodes 5.0
add_video needs package moviepy
Start training.
[478384] model_loss 14.2 / model_grad_norm 28.0 / image_loss 4.2 / reward_loss 0.1 / cont_loss 0.0 / kl_free 1.0 / dyn_scale 0.5 / rep_scale 0.1 / dyn_loss 16.4 / rep_loss 16.4 / kl 16.4 / prior_abs_ent 31.2 / post_abs_ent -26.2 / prior_obs_ent 0.5 / post_obs_ent -14.6 / boundary_ratio 0.0 / kl_mask 0.0 / normed_target_mean 0.6 / normed_target_std 0.3 / normed_target_min -0.0 / normed_target_max 1.1 / EMA_005 48.8 / EMA_095 1499.9 / value_mean 960.7 / value_std 460.6 / value_min 18.9 / value_max 1654.5 / target_mean 965.4 / target_std 469.5 / target_min 7.2 / target_max 1685.1 / imag_reward_mean 2.9 / imag_reward_std 5.7 / imag_reward_min -0.0 / imag_reward_max 23.6 / imag_action_mean 7.7 / imag_action_std 4.7 / imag_action_min 0.0 / imag_action_max 17.0 / actor_entropy 0.3 / actor_loss 0.8 / actor_grad_norm 16.4 / value_loss 1.3 / value_grad_norm 1.0 / update_count 17501.0 / fps 16.3
add_video needs package moviepy
add_video needs package moviepy
[480884] 
Start evaluation.
[480884] eval_return 6134.0 / eval_length 1426.0 / eval_episodes 5.0
add_video needs package moviepy
Start training.
[480884] model_loss 14.3 / model_grad_norm 32.1 / image_loss 4.3 / reward_loss 0.1 / cont_loss 0.0 / kl_free 1.0 / dyn_scale 0.5 / rep_scale 0.1 / dyn_loss 16.4 / rep_loss 16.4 / kl 16.4 / prior_abs_ent 31.2 / post_abs_ent -26.2 / prior_obs_ent 0.8 / post_obs_ent -14.4 / boundary_ratio 0.0 / kl_mask 0.0 / normed_target_mean 0.6 / normed_target_std 0.3 / normed_target_min -0.0 / normed_target_max 1.1 / EMA_005 57.1 / EMA_095 1485.4 / value_mean 966.2 / value_std 453.3 / value_min 19.8 / value_max 1649.1 / target_mean 970.5 / target_std 461.9 / target_min 7.4 / target_max 1679.0 / imag_reward_mean 2.9 / imag_reward_std 5.7 / imag_reward_min -0.0 / imag_reward_max 25.3 / imag_action_mean 7.8 / imag_action_std 4.7 / imag_action_min 0.0 / imag_action_max 17.0 / actor_entropy 0.3 / actor_loss 0.8 / actor_grad_norm 16.5 / value_loss 1.3 / value_grad_norm 0.9 / update_count 18126.0 / fps 16.2
add_video needs package moviepy
add_video needs package moviepy
[480984] dataset_size 120246.0 / train_return 6160.0 / train_length 1463.0 / train_episodes 89.0
[483384] 
Start evaluation.
[483384] eval_return 6242.0 / eval_length 1413.4 / eval_episodes 5.0
add_video needs package moviepy
Start training.
[483384] model_loss 14.3 / model_grad_norm 31.0 / image_loss 4.3 / reward_loss 0.1 / cont_loss 0.0 / kl_free 1.0 / dyn_scale 0.5 / rep_scale 0.1 / dyn_loss 16.3 / rep_loss 16.3 / kl 16.3 / prior_abs_ent 31.2 / post_abs_ent -26.2 / prior_obs_ent 0.6 / post_obs_ent -14.4 / boundary_ratio 0.0 / kl_mask 0.0 / normed_target_mean 0.6 / normed_target_std 0.3 / normed_target_min -0.0 / normed_target_max 1.1 / EMA_005 55.6 / EMA_095 1471.3 / value_mean 952.3 / value_std 455.4 / value_min 18.3 / value_max 1645.6 / target_mean 956.0 / target_std 464.2 / target_min 6.5 / target_max 1674.8 / imag_reward_mean 2.9 / imag_reward_std 5.7 / imag_reward_min -0.0 / imag_reward_max 25.9 / imag_action_mean 8.0 / imag_action_std 4.7 / imag_action_min 0.0 / imag_action_max 17.0 / actor_entropy 0.3 / actor_loss 0.6 / actor_grad_norm 16.3 / value_loss 1.3 / value_grad_norm 1.0 / update_count 18751.0 / fps 16.2
add_video needs package moviepy
add_video needs package moviepy
[485884] 
Start evaluation.
[485884] eval_return 5372.0 / eval_length 1233.8 / eval_episodes 5.0
add_video needs package moviepy
Start training.
[485884] model_loss 14.1 / model_grad_norm 26.6 / image_loss 4.2 / reward_loss 0.1 / cont_loss 0.0 / kl_free 1.0 / dyn_scale 0.5 / rep_scale 0.1 / dyn_loss 16.2 / rep_loss 16.2 / kl 16.2 / prior_abs_ent 31.4 / post_abs_ent -26.2 / prior_obs_ent 0.1 / post_obs_ent -14.8 / boundary_ratio 0.0 / kl_mask 0.0 / normed_target_mean 0.6 / normed_target_std 0.3 / normed_target_min -0.0 / normed_target_max 1.1 / EMA_005 55.8 / EMA_095 1469.2 / value_mean 953.6 / value_std 454.6 / value_min 19.1 / value_max 1643.0 / target_mean 958.9 / target_std 463.7 / target_min 8.4 / target_max 1674.9 / imag_reward_mean 3.0 / imag_reward_std 5.8 / imag_reward_min -0.0 / imag_reward_max 26.6 / imag_action_mean 8.2 / imag_action_std 4.7 / imag_action_min 0.0 / imag_action_max 17.0 / actor_entropy 0.3 / actor_loss 1.0 / actor_grad_norm 16.4 / value_loss 1.3 / value_grad_norm 1.0 / update_count 19376.0 / fps 16.4
add_video needs package moviepy
add_video needs package moviepy
[486028] dataset_size 121507.0 / train_return 4980.0 / train_length 1261.0 / train_episodes 90.0
[488384] 
Start evaluation.
[488384] eval_return 5680.0 / eval_length 1404.6 / eval_episodes 5.0
add_video needs package moviepy
Start training.
[488384] model_loss 14.2 / model_grad_norm 27.6 / image_loss 4.3 / reward_loss 0.1 / cont_loss 0.0 / kl_free 1.0 / dyn_scale 0.5 / rep_scale 0.1 / dyn_loss 16.3 / rep_loss 16.3 / kl 16.3 / prior_abs_ent 31.3 / post_abs_ent -26.3 / prior_obs_ent 0.2 / post_obs_ent -14.9 / boundary_ratio 0.0 / kl_mask 0.0 / normed_target_mean 0.6 / normed_target_std 0.3 / normed_target_min -0.0 / normed_target_max 1.1 / EMA_005 55.1 / EMA_095 1474.8 / value_mean 964.9 / value_std 453.7 / value_min 19.2 / value_max 1645.3 / target_mean 970.3 / target_std 462.7 / target_min 7.6 / target_max 1674.8 / imag_reward_mean 3.0 / imag_reward_std 5.8 / imag_reward_min -0.0 / imag_reward_max 23.7 / imag_action_mean 8.2 / imag_action_std 4.8 / imag_action_min 0.0 / imag_action_max 17.0 / actor_entropy 0.3 / actor_loss 1.0 / actor_grad_norm 16.4 / value_loss 1.3 / value_grad_norm 1.0 / update_count 20001.0 / fps 16.3
add_video needs package moviepy
add_video needs package moviepy
[490824] dataset_size 122706.0 / train_return 4600.0 / train_length 1199.0 / train_episodes 91.0
[490884] 
Start evaluation.
[490884] eval_return 6244.0 / eval_length 1380.6 / eval_episodes 5.0
add_video needs package moviepy
Start training.
[490884] model_loss 14.2 / model_grad_norm 29.1 / image_loss 4.3 / reward_loss 0.1 / cont_loss 0.0 / kl_free 1.0 / dyn_scale 0.5 / rep_scale 0.1 / dyn_loss 16.2 / rep_loss 16.2 / kl 16.2 / prior_abs_ent 31.1 / post_abs_ent -26.2 / prior_obs_ent 0.4 / post_obs_ent -14.6 / boundary_ratio 0.0 / kl_mask 0.0 / normed_target_mean 0.6 / normed_target_std 0.3 / normed_target_min -0.0 / normed_target_max 1.1 / EMA_005 50.9 / EMA_095 1479.5 / value_mean 959.0 / value_std 464.7 / value_min 17.9 / value_max 1643.9 / target_mean 963.5 / target_std 473.0 / target_min 7.3 / target_max 1673.8 / imag_reward_mean 3.0 / imag_reward_std 5.8 / imag_reward_min -0.0 / imag_reward_max 27.2 / imag_action_mean 8.0 / imag_action_std 4.7 / imag_action_min 0.0 / imag_action_max 17.0 / actor_entropy 0.3 / actor_loss 0.8 / actor_grad_norm 16.4 / value_loss 1.3 / value_grad_norm 1.0 / update_count 20626.0 / fps 16.3
add_video needs package moviepy
add_video needs package moviepy
[493384] 
Start evaluation.
[493384] eval_return 6248.0 / eval_length 1398.6 / eval_episodes 5.0
add_video needs package moviepy
Start training.
[493384] model_loss 14.4 / model_grad_norm 28.4 / image_loss 4.4 / reward_loss 0.1 / cont_loss 0.0 / kl_free 1.0 / dyn_scale 0.5 / rep_scale 0.1 / dyn_loss 16.4 / rep_loss 16.4 / kl 16.4 / prior_abs_ent 31.4 / post_abs_ent -26.4 / prior_obs_ent 1.1 / post_obs_ent -14.0 / boundary_ratio 0.0 / kl_mask 0.0 / normed_target_mean 0.6 / normed_target_std 0.3 / normed_target_min -0.0 / normed_target_max 1.1 / EMA_005 45.8 / EMA_095 1480.1 / value_mean 960.2 / value_std 468.4 / value_min 17.1 / value_max 1639.6 / target_mean 964.9 / target_std 476.4 / target_min 6.6 / target_max 1668.8 / imag_reward_mean 3.0 / imag_reward_std 5.8 / imag_reward_min -0.0 / imag_reward_max 25.6 / imag_action_mean 8.0 / imag_action_std 4.8 / imag_action_min 0.0 / imag_action_max 17.0 / actor_entropy 0.3 / actor_loss 0.9 / actor_grad_norm 15.8 / value_loss 1.3 / value_grad_norm 0.9 / update_count 21251.0 / fps 16.2
add_video needs package moviepy
add_video needs package moviepy
[495884] 
Start evaluation.
[495884] eval_return 5852.0 / eval_length 1390.2 / eval_episodes 5.0
add_video needs package moviepy
Start training.
[495884] model_loss 14.5 / model_grad_norm 30.4 / image_loss 4.5 / reward_loss 0.1 / cont_loss 0.0 / kl_free 1.0 / dyn_scale 0.5 / rep_scale 0.1 / dyn_loss 16.3 / rep_loss 16.3 / kl 16.3 / prior_abs_ent 31.6 / post_abs_ent -26.5 / prior_obs_ent 1.2 / post_obs_ent -13.9 / boundary_ratio 0.0 / kl_mask 0.0 / normed_target_mean 0.7 / normed_target_std 0.3 / normed_target_min -0.0 / normed_target_max 1.1 / EMA_005 51.9 / EMA_095 1488.5 / value_mean 983.2 / value_std 463.6 / value_min 18.4 / value_max 1638.5 / target_mean 988.0 / target_std 471.4 / target_min 7.6 / target_max 1668.3 / imag_reward_mean 3.0 / imag_reward_std 5.8 / imag_reward_min -0.0 / imag_reward_max 24.0 / imag_action_mean 8.0 / imag_action_std 4.8 / imag_action_min 0.0 / imag_action_max 17.0 / actor_entropy 0.3 / actor_loss 0.9 / actor_grad_norm 15.7 / value_loss 1.3 / value_grad_norm 0.9 / update_count 21876.0 / fps 16.2
add_video needs package moviepy
add_video needs package moviepy
[496732] dataset_size 124183.0 / train_return 5960.0 / train_length 1477.0 / train_episodes 92.0
[498384] 
Start evaluation.
[498384] eval_return 5540.0 / eval_length 1321.2 / eval_episodes 5.0
add_video needs package moviepy
Start training.
[498384] model_loss 14.3 / model_grad_norm 29.0 / image_loss 4.4 / reward_loss 0.1 / cont_loss 0.0 / kl_free 1.0 / dyn_scale 0.5 / rep_scale 0.1 / dyn_loss 16.2 / rep_loss 16.2 / kl 16.2 / prior_abs_ent 31.5 / post_abs_ent -26.5 / prior_obs_ent 0.4 / post_obs_ent -14.5 / boundary_ratio 0.0 / kl_mask 0.0 / normed_target_mean 0.7 / normed_target_std 0.3 / normed_target_min -0.0 / normed_target_max 1.1 / EMA_005 67.5 / EMA_095 1494.4 / value_mean 991.3 / value_std 462.7 / value_min 19.8 / value_max 1636.7 / target_mean 996.0 / target_std 470.4 / target_min 8.8 / target_max 1666.9 / imag_reward_mean 3.1 / imag_reward_std 5.8 / imag_reward_min -0.0 / imag_reward_max 24.4 / imag_action_mean 8.1 / imag_action_std 4.8 / imag_action_min 0.0 / imag_action_max 17.0 / actor_entropy 0.3 / actor_loss 0.9 / actor_grad_norm 15.5 / value_loss 1.2 / value_grad_norm 0.9 / update_count 22501.0 / fps 16.3
add_video needs package moviepy
add_video needs package moviepy
[500884] 
Start evaluation.
[500884] eval_return 6094.0 / eval_length 1354.4 / eval_episodes 5.0
add_video needs package moviepy
Start training.
[500884] model_loss 14.3 / model_grad_norm 27.0 / image_loss 4.4 / reward_loss 0.1 / cont_loss 0.0 / kl_free 1.0 / dyn_scale 0.5 / rep_scale 0.1 / dyn_loss 16.2 / rep_loss 16.2 / kl 16.2 / prior_abs_ent 31.5 / post_abs_ent -26.3 / prior_obs_ent 0.4 / post_obs_ent -14.5 / boundary_ratio 0.0 / kl_mask 0.0 / normed_target_mean 0.6 / normed_target_std 0.3 / normed_target_min -0.0 / normed_target_max 1.1 / EMA_005 59.0 / EMA_095 1511.2 / value_mean 989.4 / value_std 472.5 / value_min 17.2 / value_max 1639.0 / target_mean 993.9 / target_std 480.2 / target_min 6.6 / target_max 1670.2 / imag_reward_mean 3.0 / imag_reward_std 5.8 / imag_reward_min -0.0 / imag_reward_max 27.4 / imag_action_mean 7.9 / imag_action_std 4.9 / imag_action_min 0.0 / imag_action_max 17.0 / actor_entropy 0.3 / actor_loss 0.8 / actor_grad_norm 15.8 / value_loss 1.2 / value_grad_norm 0.9 / update_count 23126.0 / fps 16.3
add_video needs package moviepy
add_video needs package moviepy
[502528] dataset_size 125632.0 / train_return 6160.0 / train_length 1449.0 / train_episodes 93.0
