Logdir /home/haselab/projects/stable-deep-world-model/logs/models/retrain_100k_atari_private_eye_atari_private_eye_vta_20260108_185758_to_500000
Config saved to /home/haselab/projects/stable-deep-world-model/logs/models/retrain_100k_atari_private_eye_atari_private_eye_vta_20260108_185758_to_500000/config.yaml
Create envs.
Gym has been unmaintained since 2022 and does not support NumPy 2.0 amongst other critical functionality.
Please upgrade to Gymnasium, the maintained drop-in replacement of Gym, or contact the authors of your software and request that they upgrade.
Users of this version of Gym should be able to simply replace 'import gym' with 'import gymnasium as gym' in the vast majority of cases.
See the migration guide at https://gymnasium.farama.org/introduction/migration_guide/ for additional information.
A.L.E: Arcade Learning Environment (version 0.11.2+ecc1138)
[Powered by Stella]
Action Space Box(0.0, 1.0, (18,), float32)
Prefill dataset (0 steps).
Logger: (409448 steps).
Simulate agent.
Encoder CNN shapes: {'image': (64, 64, 3)}
Encoder MLP shapes: {}
Decoder CNN shapes: {'image': (64, 64, 3)}
Decoder MLP shapes: {}
/home/haselab/projects/stable-deep-world-model/src_dreamerv3/tools.py:747: FutureWarning: `torch.cuda.amp.GradScaler(args...)` is deprecated. Please use `torch.amp.GradScaler('cuda', args...)` instead.
  self._scaler = torch.cuda.amp.GradScaler(enabled=use_amp)
Optimizer model_opt has 23085447 variables.
Optimizer actor_opt has 830482 variables.
Optimizer value_opt has 952063 variables.
[409448] 
Start evaluation.
[409448] eval_return 100.0 / eval_length 2695.4 / eval_episodes 5.0
add_video needs package moviepy
Start training.
/home/haselab/projects/stable-deep-world-model/src_dreamerv3/models.py:146: FutureWarning: `torch.cuda.amp.autocast(args...)` is deprecated. Please use `torch.amp.autocast('cuda', args...)` instead.
  with torch.cuda.amp.autocast(self._use_amp):
/home/haselab/projects/stable-deep-world-model/src_dreamerv3/models.py:216: FutureWarning: `torch.cuda.amp.autocast(args...)` is deprecated. Please use `torch.amp.autocast('cuda', args...)` instead.
  with torch.cuda.amp.autocast(self._use_amp):
/home/haselab/projects/stable-deep-world-model/src_dreamerv3/models.py:448: FutureWarning: `torch.cuda.amp.autocast(args...)` is deprecated. Please use `torch.amp.autocast('cuda', args...)` instead.
  with torch.cuda.amp.autocast(self._use_amp):
/home/haselab/projects/stable-deep-world-model/src_dreamerv3/models.py:479: FutureWarning: `torch.cuda.amp.autocast(args...)` is deprecated. Please use `torch.amp.autocast('cuda', args...)` instead.
  with torch.cuda.amp.autocast(self._use_amp):
[409448] model_loss 4.5 / model_grad_norm 11.6 / image_loss 1.6 / reward_loss 0.0 / cont_loss 0.0 / kl_free 1.0 / dyn_scale 0.5 / rep_scale 0.1 / dyn_loss 4.6 / rep_loss 4.6 / kl 4.6 / prior_abs_ent 33.1 / post_abs_ent -23.3 / prior_obs_ent 0.9 / post_obs_ent -2.7 / boundary_ratio 0.0 / kl_mask 0.0 / normed_target_mean 0.3 / normed_target_std 0.3 / normed_target_min -0.7 / normed_target_max 2.3 / EMA_005 0.8 / EMA_095 11.7 / value_mean 4.1 / value_std 2.9 / value_min 0.2 / value_max 25.9 / target_mean 4.1 / target_std 3.1 / target_min -7.1 / target_max 25.7 / imag_reward_mean -0.0 / imag_reward_std 0.1 / imag_reward_min -2.1 / imag_reward_max 0.0 / imag_action_mean 8.4 / imag_action_std 2.2 / imag_action_min 0.0 / imag_action_max 17.0 / actor_entropy 0.2 / actor_loss 0.0 / actor_grad_norm 0.1 / value_loss 1.6 / value_grad_norm 2.4 / update_count 1.0 / fps 0.0
add_video needs package moviepy
add_video needs package moviepy
[411948] 
Start evaluation.
[411948] eval_return 100.0 / eval_length 2694.6 / eval_episodes 5.0
add_video needs package moviepy
Start training.
[411948] model_loss 3.8 / model_grad_norm 15.1 / image_loss 1.0 / reward_loss 0.0 / cont_loss 0.0 / kl_free 1.0 / dyn_scale 0.5 / rep_scale 0.1 / dyn_loss 4.7 / rep_loss 4.7 / kl 4.7 / prior_abs_ent 33.0 / post_abs_ent -23.2 / prior_obs_ent 1.5 / post_obs_ent -2.4 / boundary_ratio 0.0 / kl_mask 0.0 / normed_target_mean 0.4 / normed_target_std 0.5 / normed_target_min -0.4 / normed_target_max 7.3 / EMA_005 0.8 / EMA_095 11.9 / value_mean 4.6 / value_std 4.5 / value_min -0.1 / value_max 64.3 / target_mean 4.8 / target_std 5.7 / target_min -3.2 / target_max 82.3 / imag_reward_mean 0.0 / imag_reward_std 1.1 / imag_reward_min -2.6 / imag_reward_max 54.8 / imag_action_mean 8.3 / imag_action_std 2.3 / imag_action_min 0.0 / imag_action_max 17.0 / actor_entropy 0.2 / actor_loss 0.0 / actor_grad_norm 0.4 / value_loss 1.7 / value_grad_norm 2.2 / update_count 626.0 / fps 15.3
add_video needs package moviepy
add_video needs package moviepy
[414448] 
Start evaluation.
[414448] eval_return 100.0 / eval_length 2694.2 / eval_episodes 5.0
add_video needs package moviepy
Start training.
[414448] model_loss 4.1 / model_grad_norm 19.7 / image_loss 1.2 / reward_loss 0.0 / cont_loss 0.0 / kl_free 1.0 / dyn_scale 0.5 / rep_scale 0.1 / dyn_loss 4.8 / rep_loss 4.8 / kl 4.8 / prior_abs_ent 32.9 / post_abs_ent -23.1 / prior_obs_ent 2.7 / post_obs_ent -1.2 / boundary_ratio 0.0 / kl_mask 0.0 / normed_target_mean 0.4 / normed_target_std 0.6 / normed_target_min -0.3 / normed_target_max 7.9 / EMA_005 0.8 / EMA_095 11.7 / value_mean 4.5 / value_std 4.8 / value_min -0.0 / value_max 67.5 / target_mean 4.7 / target_std 6.1 / target_min -2.7 / target_max 87.2 / imag_reward_mean 0.0 / imag_reward_std 1.2 / imag_reward_min -3.5 / imag_reward_max 58.8 / imag_action_mean 8.2 / imag_action_std 2.2 / imag_action_min 0.0 / imag_action_max 17.0 / actor_entropy 0.2 / actor_loss 0.0 / actor_grad_norm 0.4 / value_loss 1.7 / value_grad_norm 2.3 / update_count 1251.0 / fps 15.3
add_video needs package moviepy
add_video needs package moviepy
[416948] 
Start evaluation.
[416948] eval_return 100.0 / eval_length 2693.6 / eval_episodes 5.0
add_video needs package moviepy
Start training.
[416948] model_loss 4.1 / model_grad_norm 14.1 / image_loss 1.2 / reward_loss 0.0 / cont_loss 0.0 / kl_free 1.0 / dyn_scale 0.5 / rep_scale 0.1 / dyn_loss 4.8 / rep_loss 4.8 / kl 4.8 / prior_abs_ent 32.8 / post_abs_ent -23.3 / prior_obs_ent 2.3 / post_obs_ent -1.6 / boundary_ratio 0.0 / kl_mask 0.0 / normed_target_mean 0.3 / normed_target_std 0.5 / normed_target_min -0.3 / normed_target_max 7.8 / EMA_005 0.8 / EMA_095 12.6 / value_mean 4.6 / value_std 5.1 / value_min 0.1 / value_max 69.5 / target_mean 4.8 / target_std 6.5 / target_min -2.9 / target_max 93.7 / imag_reward_mean 0.0 / imag_reward_std 1.3 / imag_reward_min -3.3 / imag_reward_max 65.9 / imag_action_mean 8.2 / imag_action_std 2.3 / imag_action_min 0.0 / imag_action_max 17.0 / actor_entropy 0.2 / actor_loss 0.0 / actor_grad_norm 0.5 / value_loss 1.7 / value_grad_norm 2.2 / update_count 1876.0 / fps 15.3
add_video needs package moviepy
add_video needs package moviepy
[419448] 
Start evaluation.
[419448] eval_return 100.0 / eval_length 2694.0 / eval_episodes 5.0
add_video needs package moviepy
Start training.
[419448] model_loss 3.9 / model_grad_norm 13.5 / image_loss 1.1 / reward_loss 0.0 / cont_loss 0.0 / kl_free 1.0 / dyn_scale 0.5 / rep_scale 0.1 / dyn_loss 4.7 / rep_loss 4.7 / kl 4.7 / prior_abs_ent 32.9 / post_abs_ent -23.4 / prior_obs_ent 1.3 / post_obs_ent -2.6 / boundary_ratio 0.0 / kl_mask 0.0 / normed_target_mean 0.3 / normed_target_std 0.6 / normed_target_min -0.3 / normed_target_max 8.5 / EMA_005 0.8 / EMA_095 11.7 / value_mean 4.3 / value_std 4.8 / value_min -0.1 / value_max 71.9 / target_mean 4.5 / target_std 6.1 / target_min -2.7 / target_max 92.9 / imag_reward_mean 0.0 / imag_reward_std 1.3 / imag_reward_min -3.0 / imag_reward_max 63.8 / imag_action_mean 8.2 / imag_action_std 2.2 / imag_action_min 0.0 / imag_action_max 17.0 / actor_entropy 0.2 / actor_loss 0.0 / actor_grad_norm 0.5 / value_loss 1.7 / value_grad_norm 2.4 / update_count 2501.0 / fps 14.9
add_video needs package moviepy
add_video needs package moviepy
[420228] dataset_size 105057.0 / train_return 100.0 / train_length 2695.0 / train_episodes 39.0
[421948] 
Start evaluation.
[421948] eval_return 100.0 / eval_length 2694.8 / eval_episodes 5.0
add_video needs package moviepy
Start training.
[421948] model_loss 4.0 / model_grad_norm 15.8 / image_loss 1.2 / reward_loss 0.0 / cont_loss 0.0 / kl_free 1.0 / dyn_scale 0.5 / rep_scale 0.1 / dyn_loss 4.8 / rep_loss 4.8 / kl 4.8 / prior_abs_ent 32.9 / post_abs_ent -23.5 / prior_obs_ent 1.1 / post_obs_ent -2.8 / boundary_ratio 0.0 / kl_mask 0.0 / normed_target_mean 0.4 / normed_target_std 0.6 / normed_target_min -0.3 / normed_target_max 8.3 / EMA_005 0.8 / EMA_095 11.7 / value_mean 4.3 / value_std 5.1 / value_min 0.1 / value_max 70.0 / target_mean 4.6 / target_std 6.4 / target_min -2.7 / target_max 90.8 / imag_reward_mean 0.0 / imag_reward_std 1.2 / imag_reward_min -3.2 / imag_reward_max 63.4 / imag_action_mean 8.2 / imag_action_std 2.2 / imag_action_min 0.0 / imag_action_max 17.0 / actor_entropy 0.2 / actor_loss 0.0 / actor_grad_norm 0.5 / value_loss 1.7 / value_grad_norm 2.6 / update_count 3126.0 / fps 15.0
add_video needs package moviepy
add_video needs package moviepy
[424448] 
Start evaluation.
[424448] eval_return 100.0 / eval_length 2693.8 / eval_episodes 5.0
add_video needs package moviepy
Start training.
[424448] model_loss 4.1 / model_grad_norm 16.0 / image_loss 1.2 / reward_loss 0.0 / cont_loss 0.0 / kl_free 1.0 / dyn_scale 0.5 / rep_scale 0.1 / dyn_loss 4.8 / rep_loss 4.8 / kl 4.8 / prior_abs_ent 32.9 / post_abs_ent -23.4 / prior_obs_ent 1.3 / post_obs_ent -2.6 / boundary_ratio 0.0 / kl_mask 0.0 / normed_target_mean 0.3 / normed_target_std 0.5 / normed_target_min -0.3 / normed_target_max 7.6 / EMA_005 0.7 / EMA_095 12.2 / value_mean 4.3 / value_std 4.8 / value_min 0.1 / value_max 68.7 / target_mean 4.5 / target_std 6.1 / target_min -3.2 / target_max 87.4 / imag_reward_mean 0.0 / imag_reward_std 1.2 / imag_reward_min -4.0 / imag_reward_max 60.1 / imag_action_mean 8.0 / imag_action_std 2.3 / imag_action_min 0.0 / imag_action_max 17.0 / actor_entropy 0.2 / actor_loss 0.0 / actor_grad_norm 0.5 / value_loss 1.7 / value_grad_norm 2.5 / update_count 3751.0 / fps 15.0
add_video needs package moviepy
add_video needs package moviepy
[426948] 
Start evaluation.
[426948] eval_return 100.0 / eval_length 2695.2 / eval_episodes 5.0
add_video needs package moviepy
Start training.
[426948] model_loss 4.0 / model_grad_norm 17.4 / image_loss 1.2 / reward_loss 0.0 / cont_loss 0.0 / kl_free 1.0 / dyn_scale 0.5 / rep_scale 0.1 / dyn_loss 4.8 / rep_loss 4.8 / kl 4.8 / prior_abs_ent 32.9 / post_abs_ent -23.5 / prior_obs_ent 0.9 / post_obs_ent -3.0 / boundary_ratio 0.0 / kl_mask 0.0 / normed_target_mean 0.3 / normed_target_std 0.6 / normed_target_min -0.3 / normed_target_max 8.3 / EMA_005 0.7 / EMA_095 11.5 / value_mean 4.2 / value_std 5.0 / value_min 0.1 / value_max 70.4 / target_mean 4.4 / target_std 6.3 / target_min -2.7 / target_max 90.1 / imag_reward_mean 0.0 / imag_reward_std 1.2 / imag_reward_min -4.1 / imag_reward_max 60.7 / imag_action_mean 8.2 / imag_action_std 2.2 / imag_action_min 0.0 / imag_action_max 17.0 / actor_entropy 0.2 / actor_loss 0.0 / actor_grad_norm 0.5 / value_loss 1.7 / value_grad_norm 2.5 / update_count 4376.0 / fps 15.0
add_video needs package moviepy
add_video needs package moviepy
[429448] 
Start evaluation.
[429448] eval_return 100.0 / eval_length 2693.4 / eval_episodes 5.0
add_video needs package moviepy
Start training.
[429448] model_loss 4.0 / model_grad_norm 12.3 / image_loss 1.2 / reward_loss 0.0 / cont_loss 0.0 / kl_free 1.0 / dyn_scale 0.5 / rep_scale 0.1 / dyn_loss 4.8 / rep_loss 4.8 / kl 4.8 / prior_abs_ent 32.9 / post_abs_ent -23.5 / prior_obs_ent 1.0 / post_obs_ent -3.0 / boundary_ratio 0.0 / kl_mask 0.0 / normed_target_mean 0.3 / normed_target_std 0.6 / normed_target_min -0.3 / normed_target_max 9.0 / EMA_005 0.7 / EMA_095 11.8 / value_mean 4.1 / value_std 5.1 / value_min 0.1 / value_max 72.9 / target_mean 4.4 / target_std 6.6 / target_min -2.6 / target_max 99.8 / imag_reward_mean 0.0 / imag_reward_std 1.3 / imag_reward_min -4.1 / imag_reward_max 67.0 / imag_action_mean 8.3 / imag_action_std 2.3 / imag_action_min 0.0 / imag_action_max 17.0 / actor_entropy 0.2 / actor_loss 0.0 / actor_grad_norm 0.5 / value_loss 1.8 / value_grad_norm 2.4 / update_count 5001.0 / fps 15.0
add_video needs package moviepy
add_video needs package moviepy
[431004] dataset_size 107751.0 / train_return 100.0 / train_length 2694.0 / train_episodes 40.0
[431948] 
Start evaluation.
[431948] eval_return 100.0 / eval_length 2694.8 / eval_episodes 5.0
add_video needs package moviepy
Start training.
[431948] model_loss 4.0 / model_grad_norm 16.1 / image_loss 1.1 / reward_loss 0.0 / cont_loss 0.0 / kl_free 1.0 / dyn_scale 0.5 / rep_scale 0.1 / dyn_loss 4.8 / rep_loss 4.8 / kl 4.8 / prior_abs_ent 32.9 / post_abs_ent -23.6 / prior_obs_ent 0.4 / post_obs_ent -3.5 / boundary_ratio 0.0 / kl_mask 0.0 / normed_target_mean 0.3 / normed_target_std 0.6 / normed_target_min -0.3 / normed_target_max 8.3 / EMA_005 0.7 / EMA_095 12.7 / value_mean 4.2 / value_std 5.3 / value_min 0.1 / value_max 75.4 / target_mean 4.5 / target_std 6.7 / target_min -3.1 / target_max 100.5 / imag_reward_mean 0.0 / imag_reward_std 1.3 / imag_reward_min -4.4 / imag_reward_max 64.0 / imag_action_mean 8.3 / imag_action_std 2.5 / imag_action_min 0.0 / imag_action_max 17.0 / actor_entropy 0.3 / actor_loss 0.1 / actor_grad_norm 0.5 / value_loss 1.8 / value_grad_norm 2.5 / update_count 5626.0 / fps 15.0
add_video needs package moviepy
add_video needs package moviepy
[434448] 
Start evaluation.
[434448] eval_return 100.0 / eval_length 2695.8 / eval_episodes 5.0
add_video needs package moviepy
Start training.
[434448] model_loss 4.0 / model_grad_norm 13.1 / image_loss 1.2 / reward_loss 0.0 / cont_loss 0.0 / kl_free 1.0 / dyn_scale 0.5 / rep_scale 0.1 / dyn_loss 4.8 / rep_loss 4.8 / kl 4.8 / prior_abs_ent 32.9 / post_abs_ent -23.5 / prior_obs_ent 0.7 / post_obs_ent -3.2 / boundary_ratio 0.0 / kl_mask 0.0 / normed_target_mean 0.3 / normed_target_std 0.6 / normed_target_min -0.3 / normed_target_max 8.9 / EMA_005 0.6 / EMA_095 12.4 / value_mean 4.1 / value_std 4.9 / value_min 0.1 / value_max 74.6 / target_mean 4.4 / target_std 6.5 / target_min -2.8 / target_max 105.0 / imag_reward_mean 0.0 / imag_reward_std 1.3 / imag_reward_min -4.3 / imag_reward_max 70.1 / imag_action_mean 8.4 / imag_action_std 2.4 / imag_action_min 0.0 / imag_action_max 17.0 / actor_entropy 0.3 / actor_loss 0.1 / actor_grad_norm 0.5 / value_loss 1.8 / value_grad_norm 2.5 / update_count 6251.0 / fps 15.0
add_video needs package moviepy
add_video needs package moviepy
[436948] 
Start evaluation.
[436948] eval_return 100.0 / eval_length 2694.0 / eval_episodes 5.0
add_video needs package moviepy
Start training.
[436948] model_loss 4.1 / model_grad_norm 16.0 / image_loss 1.2 / reward_loss 0.0 / cont_loss 0.0 / kl_free 1.0 / dyn_scale 0.5 / rep_scale 0.1 / dyn_loss 4.8 / rep_loss 4.8 / kl 4.8 / prior_abs_ent 32.9 / post_abs_ent -23.7 / prior_obs_ent 1.0 / post_obs_ent -3.0 / boundary_ratio 0.0 / kl_mask 0.0 / normed_target_mean 0.3 / normed_target_std 0.6 / normed_target_min -0.3 / normed_target_max 8.8 / EMA_005 0.6 / EMA_095 13.0 / value_mean 4.3 / value_std 5.4 / value_min 0.1 / value_max 77.1 / target_mean 4.6 / target_std 7.1 / target_min -3.2 / target_max 109.6 / imag_reward_mean 0.0 / imag_reward_std 1.5 / imag_reward_min -3.6 / imag_reward_max 73.5 / imag_action_mean 8.3 / imag_action_std 2.4 / imag_action_min 0.0 / imag_action_max 17.0 / actor_entropy 0.2 / actor_loss 0.1 / actor_grad_norm 0.6 / value_loss 1.8 / value_grad_norm 2.5 / update_count 6876.0 / fps 15.0
add_video needs package moviepy
add_video needs package moviepy
[439448] 
Start evaluation.
[439448] eval_return 100.0 / eval_length 2695.2 / eval_episodes 5.0
add_video needs package moviepy
Start training.
[439448] model_loss 4.1 / model_grad_norm 13.5 / image_loss 1.2 / reward_loss 0.0 / cont_loss 0.0 / kl_free 1.0 / dyn_scale 0.5 / rep_scale 0.1 / dyn_loss 4.8 / rep_loss 4.8 / kl 4.8 / prior_abs_ent 32.9 / post_abs_ent -23.7 / prior_obs_ent 0.3 / post_obs_ent -3.7 / boundary_ratio 0.0 / kl_mask 0.0 / normed_target_mean 0.3 / normed_target_std 0.5 / normed_target_min -0.2 / normed_target_max 8.8 / EMA_005 0.6 / EMA_095 13.7 / value_mean 4.2 / value_std 5.4 / value_min 0.1 / value_max 78.7 / target_mean 4.6 / target_std 7.2 / target_min -2.6 / target_max 115.8 / imag_reward_mean 0.0 / imag_reward_std 1.5 / imag_reward_min -4.9 / imag_reward_max 75.5 / imag_action_mean 8.3 / imag_action_std 2.3 / imag_action_min 0.0 / imag_action_max 17.0 / actor_entropy 0.2 / actor_loss 0.1 / actor_grad_norm 0.6 / value_loss 1.8 / value_grad_norm 2.6 / update_count 7501.0 / fps 14.9
add_video needs package moviepy
add_video needs package moviepy
[441776] dataset_size 110444.0 / train_return 100.0 / train_length 2693.0 / train_episodes 41.0
[441948] 
Start evaluation.
[441948] eval_return 100.0 / eval_length 2695.8 / eval_episodes 5.0
add_video needs package moviepy
Start training.
[441948] model_loss 4.1 / model_grad_norm 15.7 / image_loss 1.2 / reward_loss 0.0 / cont_loss 0.0 / kl_free 1.0 / dyn_scale 0.5 / rep_scale 0.1 / dyn_loss 4.8 / rep_loss 4.8 / kl 4.8 / prior_abs_ent 32.9 / post_abs_ent -23.7 / prior_obs_ent 0.1 / post_obs_ent -3.8 / boundary_ratio 0.0 / kl_mask 0.0 / normed_target_mean 0.3 / normed_target_std 0.6 / normed_target_min -0.3 / normed_target_max 9.0 / EMA_005 0.6 / EMA_095 13.2 / value_mean 4.1 / value_std 5.5 / value_min 0.1 / value_max 79.2 / target_mean 4.5 / target_std 7.4 / target_min -2.6 / target_max 114.1 / imag_reward_mean 0.0 / imag_reward_std 1.5 / imag_reward_min -4.1 / imag_reward_max 72.3 / imag_action_mean 8.3 / imag_action_std 2.4 / imag_action_min 0.0 / imag_action_max 17.0 / actor_entropy 0.2 / actor_loss 0.1 / actor_grad_norm 0.6 / value_loss 1.8 / value_grad_norm 2.7 / update_count 8126.0 / fps 14.9
add_video needs package moviepy
add_video needs package moviepy
[444448] 
Start evaluation.
[444448] eval_return 100.0 / eval_length 2694.8 / eval_episodes 5.0
add_video needs package moviepy
Start training.
[444448] model_loss 4.1 / model_grad_norm 14.9 / image_loss 1.2 / reward_loss 0.0 / cont_loss 0.0 / kl_free 1.0 / dyn_scale 0.5 / rep_scale 0.1 / dyn_loss 4.8 / rep_loss 4.8 / kl 4.8 / prior_abs_ent 32.9 / post_abs_ent -23.7 / prior_obs_ent -0.2 / post_obs_ent -4.1 / boundary_ratio 0.0 / kl_mask 0.0 / normed_target_mean 0.3 / normed_target_std 0.5 / normed_target_min -0.3 / normed_target_max 7.9 / EMA_005 0.6 / EMA_095 14.7 / value_mean 4.2 / value_std 5.7 / value_min 0.0 / value_max 78.0 / target_mean 4.5 / target_std 7.4 / target_min -3.1 / target_max 111.6 / imag_reward_mean 0.0 / imag_reward_std 1.4 / imag_reward_min -3.7 / imag_reward_max 72.4 / imag_action_mean 8.3 / imag_action_std 2.2 / imag_action_min 0.0 / imag_action_max 17.0 / actor_entropy 0.2 / actor_loss 0.1 / actor_grad_norm 0.6 / value_loss 1.8 / value_grad_norm 2.9 / update_count 8751.0 / fps 14.9
add_video needs package moviepy
add_video needs package moviepy
[446948] 
Start evaluation.
[446948] eval_return 100.0 / eval_length 2694.8 / eval_episodes 5.0
add_video needs package moviepy
Start training.
[446948] model_loss 4.2 / model_grad_norm 14.7 / image_loss 1.2 / reward_loss 0.0 / cont_loss 0.0 / kl_free 1.0 / dyn_scale 0.5 / rep_scale 0.1 / dyn_loss 4.9 / rep_loss 4.9 / kl 4.9 / prior_abs_ent 32.9 / post_abs_ent -23.7 / prior_obs_ent 1.0 / post_obs_ent -3.1 / boundary_ratio 0.0 / kl_mask 0.0 / normed_target_mean 0.3 / normed_target_std 0.6 / normed_target_min -0.2 / normed_target_max 9.3 / EMA_005 0.6 / EMA_095 12.9 / value_mean 4.0 / value_std 5.6 / value_min 0.1 / value_max 80.3 / target_mean 4.4 / target_std 7.5 / target_min -2.2 / target_max 115.1 / imag_reward_mean 0.0 / imag_reward_std 1.5 / imag_reward_min -2.6 / imag_reward_max 75.5 / imag_action_mean 8.3 / imag_action_std 2.1 / imag_action_min 0.0 / imag_action_max 17.0 / actor_entropy 0.2 / actor_loss 0.1 / actor_grad_norm 0.6 / value_loss 1.8 / value_grad_norm 3.0 / update_count 9376.0 / fps 14.9
add_video needs package moviepy
add_video needs package moviepy
[449448] 
Start evaluation.
[449448] eval_return 100.0 / eval_length 2695.4 / eval_episodes 5.0
add_video needs package moviepy
Start training.
[449448] model_loss 4.1 / model_grad_norm 14.4 / image_loss 1.2 / reward_loss 0.0 / cont_loss 0.0 / kl_free 1.0 / dyn_scale 0.5 / rep_scale 0.1 / dyn_loss 4.8 / rep_loss 4.8 / kl 4.8 / prior_abs_ent 32.9 / post_abs_ent -23.7 / prior_obs_ent -0.5 / post_obs_ent -4.4 / boundary_ratio 0.0 / kl_mask 0.0 / normed_target_mean 0.3 / normed_target_std 0.6 / normed_target_min -0.3 / normed_target_max 8.9 / EMA_005 0.6 / EMA_095 13.5 / value_mean 3.9 / value_std 5.5 / value_min 0.1 / value_max 80.4 / target_mean 4.3 / target_std 7.3 / target_min -2.9 / target_max 115.2 / imag_reward_mean 0.0 / imag_reward_std 1.5 / imag_reward_min -3.7 / imag_reward_max 76.7 / imag_action_mean 8.3 / imag_action_std 2.3 / imag_action_min 0.0 / imag_action_max 17.0 / actor_entropy 0.2 / actor_loss 0.1 / actor_grad_norm 0.6 / value_loss 1.8 / value_grad_norm 3.0 / update_count 10001.0 / fps 15.0
add_video needs package moviepy
add_video needs package moviepy
[451948] 
Start evaluation.
[451948] eval_return 100.0 / eval_length 2693.0 / eval_episodes 5.0
add_video needs package moviepy
Start training.
[451948] model_loss 4.2 / model_grad_norm 20.6 / image_loss 1.3 / reward_loss 0.0 / cont_loss 0.0 / kl_free 1.0 / dyn_scale 0.5 / rep_scale 0.1 / dyn_loss 4.8 / rep_loss 4.8 / kl 4.8 / prior_abs_ent 32.9 / post_abs_ent -23.7 / prior_obs_ent -0.3 / post_obs_ent -4.2 / boundary_ratio 0.0 / kl_mask 0.0 / normed_target_mean 0.3 / normed_target_std 0.6 / normed_target_min -0.3 / normed_target_max 8.8 / EMA_005 0.6 / EMA_095 14.2 / value_mean 4.0 / value_std 6.2 / value_min 0.0 / value_max 84.3 / target_mean 4.4 / target_std 8.2 / target_min -2.9 / target_max 120.5 / imag_reward_mean 0.0 / imag_reward_std 1.7 / imag_reward_min -5.2 / imag_reward_max 81.0 / imag_action_mean 8.3 / imag_action_std 2.2 / imag_action_min 0.0 / imag_action_max 17.0 / actor_entropy 0.2 / actor_loss 0.1 / actor_grad_norm 0.7 / value_loss 1.8 / value_grad_norm 3.1 / update_count 10626.0 / fps 14.9
add_video needs package moviepy
add_video needs package moviepy
[452568] dataset_size 113142.0 / train_return 100.0 / train_length 2698.0 / train_episodes 42.0
[454448] 
Start evaluation.
[454448] eval_return 100.0 / eval_length 2695.4 / eval_episodes 5.0
add_video needs package moviepy
Start training.
[454448] model_loss 4.2 / model_grad_norm 11.4 / image_loss 1.3 / reward_loss 0.0 / cont_loss 0.0 / kl_free 1.0 / dyn_scale 0.5 / rep_scale 0.1 / dyn_loss 4.9 / rep_loss 4.9 / kl 4.9 / prior_abs_ent 33.0 / post_abs_ent -23.8 / prior_obs_ent -0.4 / post_obs_ent -4.4 / boundary_ratio 0.0 / kl_mask 0.0 / normed_target_mean 0.2 / normed_target_std 0.5 / normed_target_min -0.2 / normed_target_max 6.9 / EMA_005 0.6 / EMA_095 16.9 / value_mean 4.3 / value_std 6.6 / value_min 0.1 / value_max 80.7 / target_mean 4.6 / target_std 8.3 / target_min -2.5 / target_max 113.6 / imag_reward_mean 0.0 / imag_reward_std 1.6 / imag_reward_min -4.1 / imag_reward_max 75.6 / imag_action_mean 8.4 / imag_action_std 2.4 / imag_action_min 0.0 / imag_action_max 17.0 / actor_entropy 0.2 / actor_loss 0.1 / actor_grad_norm 0.6 / value_loss 1.8 / value_grad_norm 3.0 / update_count 11251.0 / fps 14.9
add_video needs package moviepy
add_video needs package moviepy
[456948] 
Start evaluation.
[456948] eval_return 100.0 / eval_length 2694.4 / eval_episodes 5.0
add_video needs package moviepy
Start training.
[456948] model_loss 4.2 / model_grad_norm 13.2 / image_loss 1.3 / reward_loss 0.0 / cont_loss 0.0 / kl_free 1.0 / dyn_scale 0.5 / rep_scale 0.1 / dyn_loss 4.8 / rep_loss 4.8 / kl 4.8 / prior_abs_ent 33.0 / post_abs_ent -23.6 / prior_obs_ent -0.5 / post_obs_ent -4.5 / boundary_ratio 0.0 / kl_mask 0.0 / normed_target_mean 0.3 / normed_target_std 0.6 / normed_target_min -0.2 / normed_target_max 8.4 / EMA_005 0.5 / EMA_095 13.7 / value_mean 3.8 / value_std 5.6 / value_min 0.1 / value_max 77.3 / target_mean 4.1 / target_std 7.3 / target_min -2.7 / target_max 110.3 / imag_reward_mean 0.0 / imag_reward_std 1.4 / imag_reward_min -3.9 / imag_reward_max 71.3 / imag_action_mean 8.5 / imag_action_std 2.5 / imag_action_min 0.0 / imag_action_max 17.0 / actor_entropy 0.3 / actor_loss 0.1 / actor_grad_norm 0.6 / value_loss 1.8 / value_grad_norm 2.8 / update_count 11876.0 / fps 14.9
add_video needs package moviepy
add_video needs package moviepy
[459448] 
Start evaluation.
[459448] eval_return 100.0 / eval_length 2695.4 / eval_episodes 5.0
add_video needs package moviepy
Start training.
[459448] model_loss 4.3 / model_grad_norm 15.0 / image_loss 1.3 / reward_loss 0.0 / cont_loss 0.0 / kl_free 1.0 / dyn_scale 0.5 / rep_scale 0.1 / dyn_loss 4.9 / rep_loss 4.9 / kl 4.9 / prior_abs_ent 33.0 / post_abs_ent -23.6 / prior_obs_ent -0.2 / post_obs_ent -4.2 / boundary_ratio 0.0 / kl_mask 0.0 / normed_target_mean 0.3 / normed_target_std 0.5 / normed_target_min -0.2 / normed_target_max 7.5 / EMA_005 0.5 / EMA_095 14.0 / value_mean 3.9 / value_std 5.6 / value_min 0.1 / value_max 76.2 / target_mean 4.3 / target_std 7.3 / target_min -2.4 / target_max 101.7 / imag_reward_mean 0.0 / imag_reward_std 1.3 / imag_reward_min -4.5 / imag_reward_max 62.3 / imag_action_mean 10.0 / imag_action_std 3.1 / imag_action_min 0.0 / imag_action_max 17.0 / actor_entropy 0.3 / actor_loss 0.1 / actor_grad_norm 0.6 / value_loss 1.9 / value_grad_norm 2.9 / update_count 12501.0 / fps 14.9
add_video needs package moviepy
add_video needs package moviepy
[461948] 
Start evaluation.
[461948] eval_return 100.0 / eval_length 2695.0 / eval_episodes 5.0
add_video needs package moviepy
Start training.
[461948] model_loss 4.2 / model_grad_norm 16.6 / image_loss 1.3 / reward_loss 0.0 / cont_loss 0.0 / kl_free 1.0 / dyn_scale 0.5 / rep_scale 0.1 / dyn_loss 4.8 / rep_loss 4.8 / kl 4.8 / prior_abs_ent 33.0 / post_abs_ent -23.6 / prior_obs_ent -0.5 / post_obs_ent -4.5 / boundary_ratio 0.0 / kl_mask 0.0 / normed_target_mean 0.3 / normed_target_std 0.5 / normed_target_min -0.1 / normed_target_max 6.1 / EMA_005 0.5 / EMA_095 16.7 / value_mean 4.7 / value_std 6.1 / value_min 0.2 / value_max 76.9 / target_mean 5.2 / target_std 7.9 / target_min -1.7 / target_max 99.0 / imag_reward_mean 0.0 / imag_reward_std 1.3 / imag_reward_min -5.6 / imag_reward_max 56.0 / imag_action_mean 11.7 / imag_action_std 2.8 / imag_action_min 0.0 / imag_action_max 17.0 / actor_entropy 0.3 / actor_loss 0.1 / actor_grad_norm 0.6 / value_loss 1.9 / value_grad_norm 2.3 / update_count 13126.0 / fps 14.9
add_video needs package moviepy
add_video needs package moviepy
[463356] dataset_size 115839.0 / train_return 100.0 / train_length 2697.0 / train_episodes 43.0
[464448] 
Start evaluation.
[464448] eval_return 100.0 / eval_length 2693.4 / eval_episodes 5.0
add_video needs package moviepy
Start training.
[464448] model_loss 4.3 / model_grad_norm 14.3 / image_loss 1.4 / reward_loss 0.0 / cont_loss 0.0 / kl_free 1.0 / dyn_scale 0.5 / rep_scale 0.1 / dyn_loss 4.9 / rep_loss 4.9 / kl 4.9 / prior_abs_ent 33.0 / post_abs_ent -23.6 / prior_obs_ent -0.3 / post_obs_ent -4.3 / boundary_ratio 0.0 / kl_mask 0.0 / normed_target_mean 0.3 / normed_target_std 0.5 / normed_target_min -0.1 / normed_target_max 5.7 / EMA_005 0.4 / EMA_095 18.7 / value_mean 5.1 / value_std 6.7 / value_min 0.1 / value_max 81.8 / target_mean 5.5 / target_std 8.4 / target_min -1.9 / target_max 104.7 / imag_reward_mean 0.0 / imag_reward_std 1.4 / imag_reward_min -5.9 / imag_reward_max 58.2 / imag_action_mean 12.2 / imag_action_std 2.4 / imag_action_min 0.0 / imag_action_max 17.0 / actor_entropy 0.2 / actor_loss 0.1 / actor_grad_norm 0.6 / value_loss 1.9 / value_grad_norm 2.2 / update_count 13751.0 / fps 15.0
add_video needs package moviepy
add_video needs package moviepy
[466948] 
Start evaluation.
[466948] eval_return 100.0 / eval_length 2693.8 / eval_episodes 5.0
add_video needs package moviepy
Start training.
[466948] model_loss 4.3 / model_grad_norm 16.5 / image_loss 1.4 / reward_loss 0.0 / cont_loss 0.0 / kl_free 1.0 / dyn_scale 0.5 / rep_scale 0.1 / dyn_loss 4.8 / rep_loss 4.8 / kl 4.8 / prior_abs_ent 33.0 / post_abs_ent -23.6 / prior_obs_ent -0.7 / post_obs_ent -4.7 / boundary_ratio 0.0 / kl_mask 0.0 / normed_target_mean 0.3 / normed_target_std 0.5 / normed_target_min -0.2 / normed_target_max 7.2 / EMA_005 0.4 / EMA_095 15.0 / value_mean 4.4 / value_std 5.8 / value_min 0.0 / value_max 79.5 / target_mean 4.7 / target_std 7.5 / target_min -2.5 / target_max 105.4 / imag_reward_mean 0.0 / imag_reward_std 1.2 / imag_reward_min -4.6 / imag_reward_max 57.9 / imag_action_mean 12.3 / imag_action_std 2.3 / imag_action_min 0.0 / imag_action_max 17.0 / actor_entropy 0.2 / actor_loss 0.1 / actor_grad_norm 0.5 / value_loss 1.9 / value_grad_norm 2.4 / update_count 14376.0 / fps 14.8
add_video needs package moviepy
add_video needs package moviepy
[469448] 
Start evaluation.
[469448] eval_return 100.0 / eval_length 2696.4 / eval_episodes 5.0
add_video needs package moviepy
Start training.
[469448] model_loss 4.3 / model_grad_norm 15.6 / image_loss 1.4 / reward_loss 0.0 / cont_loss 0.0 / kl_free 1.0 / dyn_scale 0.5 / rep_scale 0.1 / dyn_loss 4.9 / rep_loss 4.9 / kl 4.8 / prior_abs_ent 33.0 / post_abs_ent -23.6 / prior_obs_ent -1.0 / post_obs_ent -5.0 / boundary_ratio 0.0 / kl_mask 0.0 / normed_target_mean 0.3 / normed_target_std 0.6 / normed_target_min -0.2 / normed_target_max 7.6 / EMA_005 0.4 / EMA_095 13.5 / value_mean 3.9 / value_std 6.0 / value_min 0.1 / value_max 78.9 / target_mean 4.2 / target_std 7.5 / target_min -1.7 / target_max 99.6 / imag_reward_mean 0.0 / imag_reward_std 1.3 / imag_reward_min -3.2 / imag_reward_max 54.4 / imag_action_mean 12.1 / imag_action_std 2.4 / imag_action_min 0.0 / imag_action_max 17.0 / actor_entropy 0.2 / actor_loss 0.1 / actor_grad_norm 0.5 / value_loss 1.9 / value_grad_norm 2.7 / update_count 15001.0 / fps 14.8
add_video needs package moviepy
add_video needs package moviepy
[471948] 
Start evaluation.
[471948] eval_return 100.0 / eval_length 2695.8 / eval_episodes 5.0
add_video needs package moviepy
Start training.
[471948] model_loss 4.3 / model_grad_norm 15.9 / image_loss 1.4 / reward_loss 0.0 / cont_loss 0.0 / kl_free 1.0 / dyn_scale 0.5 / rep_scale 0.1 / dyn_loss 4.8 / rep_loss 4.8 / kl 4.8 / prior_abs_ent 33.0 / post_abs_ent -23.7 / prior_obs_ent -1.3 / post_obs_ent -5.3 / boundary_ratio 0.0 / kl_mask 0.0 / normed_target_mean 0.3 / normed_target_std 0.6 / normed_target_min -0.2 / normed_target_max 7.7 / EMA_005 0.4 / EMA_095 12.8 / value_mean 3.5 / value_std 6.0 / value_min 0.0 / value_max 77.0 / target_mean 3.8 / target_std 7.3 / target_min -1.8 / target_max 96.5 / imag_reward_mean 0.0 / imag_reward_std 1.2 / imag_reward_min -2.4 / imag_reward_max 51.6 / imag_action_mean 12.0 / imag_action_std 2.6 / imag_action_min 0.0 / imag_action_max 17.0 / actor_entropy 0.2 / actor_loss 0.1 / actor_grad_norm 0.5 / value_loss 1.8 / value_grad_norm 2.8 / update_count 15626.0 / fps 14.8
add_video needs package moviepy
add_video needs package moviepy
[474120] dataset_size 118530.0 / train_return 100.0 / train_length 2691.0 / train_episodes 44.0
[474448] 
Start evaluation.
[474448] eval_return 100.0 / eval_length 2695.2 / eval_episodes 5.0
add_video needs package moviepy
Start training.
[474448] model_loss 4.3 / model_grad_norm 13.7 / image_loss 1.4 / reward_loss 0.0 / cont_loss 0.0 / kl_free 1.0 / dyn_scale 0.5 / rep_scale 0.1 / dyn_loss 4.9 / rep_loss 4.9 / kl 4.8 / prior_abs_ent 33.1 / post_abs_ent -23.7 / prior_obs_ent -1.1 / post_obs_ent -5.1 / boundary_ratio 0.0 / kl_mask 0.0 / normed_target_mean 0.3 / normed_target_std 0.6 / normed_target_min -0.2 / normed_target_max 7.8 / EMA_005 0.3 / EMA_095 11.9 / value_mean 3.2 / value_std 5.8 / value_min 0.1 / value_max 73.7 / target_mean 3.4 / target_std 7.0 / target_min -2.0 / target_max 90.7 / imag_reward_mean 0.0 / imag_reward_std 1.2 / imag_reward_min -5.0 / imag_reward_max 49.5 / imag_action_mean 11.6 / imag_action_std 2.9 / imag_action_min 0.0 / imag_action_max 17.0 / actor_entropy 0.3 / actor_loss 0.1 / actor_grad_norm 0.5 / value_loss 1.8 / value_grad_norm 2.9 / update_count 16251.0 / fps 14.8
add_video needs package moviepy
add_video needs package moviepy
[476948] 
Start evaluation.
[476948] eval_return 100.0 / eval_length 2694.6 / eval_episodes 5.0
add_video needs package moviepy
Start training.
[476948] model_loss 4.4 / model_grad_norm 19.3 / image_loss 1.5 / reward_loss 0.0 / cont_loss 0.0 / kl_free 1.0 / dyn_scale 0.5 / rep_scale 0.1 / dyn_loss 4.8 / rep_loss 4.8 / kl 4.8 / prior_abs_ent 33.1 / post_abs_ent -23.8 / prior_obs_ent -1.5 / post_obs_ent -5.5 / boundary_ratio 0.0 / kl_mask 0.0 / normed_target_mean 0.2 / normed_target_std 0.6 / normed_target_min -0.2 / normed_target_max 8.3 / EMA_005 0.3 / EMA_095 13.3 / value_mean 3.2 / value_std 6.3 / value_min -0.0 / value_max 85.0 / target_mean 3.5 / target_std 7.8 / target_min -2.6 / target_max 107.9 / imag_reward_mean 0.0 / imag_reward_std 1.3 / imag_reward_min -4.5 / imag_reward_max 60.5 / imag_action_mean 10.5 / imag_action_std 2.8 / imag_action_min 0.0 / imag_action_max 17.0 / actor_entropy 0.4 / actor_loss 0.1 / actor_grad_norm 0.6 / value_loss 1.8 / value_grad_norm 2.8 / update_count 16876.0 / fps 14.8
add_video needs package moviepy
add_video needs package moviepy
[479448] 
Start evaluation.
[479448] eval_return 100.0 / eval_length 2695.4 / eval_episodes 5.0
add_video needs package moviepy
Start training.
[479448] model_loss 4.4 / model_grad_norm 13.0 / image_loss 1.4 / reward_loss 0.0 / cont_loss 0.0 / kl_free 1.0 / dyn_scale 0.5 / rep_scale 0.1 / dyn_loss 4.9 / rep_loss 4.9 / kl 4.8 / prior_abs_ent 33.1 / post_abs_ent -23.7 / prior_obs_ent -1.4 / post_obs_ent -5.4 / boundary_ratio 0.0 / kl_mask 0.0 / normed_target_mean 0.2 / normed_target_std 0.5 / normed_target_min -0.2 / normed_target_max 7.1 / EMA_005 0.3 / EMA_095 15.6 / value_mean 3.4 / value_std 6.7 / value_min 0.0 / value_max 85.8 / target_mean 3.8 / target_std 8.4 / target_min -2.4 / target_max 108.1 / imag_reward_mean 0.0 / imag_reward_std 1.4 / imag_reward_min -5.0 / imag_reward_max 62.5 / imag_action_mean 8.8 / imag_action_std 2.8 / imag_action_min 0.0 / imag_action_max 17.0 / actor_entropy 0.4 / actor_loss 0.1 / actor_grad_norm 0.7 / value_loss 1.9 / value_grad_norm 3.1 / update_count 17501.0 / fps 14.8
add_video needs package moviepy
add_video needs package moviepy
[481948] 
Start evaluation.
[481948] eval_return 100.0 / eval_length 2692.6 / eval_episodes 5.0
add_video needs package moviepy
Start training.
[481948] model_loss 4.3 / model_grad_norm 12.8 / image_loss 1.4 / reward_loss 0.0 / cont_loss 0.0 / kl_free 1.0 / dyn_scale 0.5 / rep_scale 0.1 / dyn_loss 4.8 / rep_loss 4.8 / kl 4.8 / prior_abs_ent 33.2 / post_abs_ent -23.7 / prior_obs_ent -1.3 / post_obs_ent -5.3 / boundary_ratio 0.0 / kl_mask 0.0 / normed_target_mean 0.3 / normed_target_std 0.5 / normed_target_min -0.2 / normed_target_max 6.5 / EMA_005 0.2 / EMA_095 17.2 / value_mean 4.0 / value_std 6.8 / value_min -0.0 / value_max 86.2 / target_mean 4.5 / target_std 8.5 / target_min -2.5 / target_max 111.2 / imag_reward_mean 0.0 / imag_reward_std 1.3 / imag_reward_min -5.8 / imag_reward_max 62.7 / imag_action_mean 6.9 / imag_action_std 2.8 / imag_action_min 0.0 / imag_action_max 17.0 / actor_entropy 0.3 / actor_loss 0.1 / actor_grad_norm 0.7 / value_loss 1.9 / value_grad_norm 2.7 / update_count 18126.0 / fps 14.9
add_video needs package moviepy
add_video needs package moviepy
[484448] 
Start evaluation.
[484448] eval_return 100.0 / eval_length 2695.0 / eval_episodes 5.0
add_video needs package moviepy
Start training.
[484448] model_loss 4.3 / model_grad_norm 15.5 / image_loss 1.4 / reward_loss 0.0 / cont_loss 0.0 / kl_free 1.0 / dyn_scale 0.5 / rep_scale 0.1 / dyn_loss 4.8 / rep_loss 4.8 / kl 4.8 / prior_abs_ent 33.1 / post_abs_ent -23.8 / prior_obs_ent -1.6 / post_obs_ent -5.6 / boundary_ratio 0.0 / kl_mask 0.0 / normed_target_mean 0.3 / normed_target_std 0.5 / normed_target_min -0.1 / normed_target_max 6.6 / EMA_005 0.2 / EMA_095 15.9 / value_mean 4.1 / value_std 6.6 / value_min 0.0 / value_max 83.7 / target_mean 4.5 / target_std 8.1 / target_min -1.6 / target_max 103.3 / imag_reward_mean 0.0 / imag_reward_std 1.2 / imag_reward_min -3.2 / imag_reward_max 56.4 / imag_action_mean 6.5 / imag_action_std 2.7 / imag_action_min 0.0 / imag_action_max 17.0 / actor_entropy 0.3 / actor_loss 0.1 / actor_grad_norm 0.6 / value_loss 1.8 / value_grad_norm 2.5 / update_count 18751.0 / fps 14.8
add_video needs package moviepy
add_video needs package moviepy
[484908] dataset_size 121227.0 / train_return 100.0 / train_length 2697.0 / train_episodes 45.0
[486948] 
Start evaluation.
[486948] eval_return 100.0 / eval_length 2694.2 / eval_episodes 5.0
add_video needs package moviepy
Start training.
[486948] model_loss 4.3 / model_grad_norm 15.4 / image_loss 1.4 / reward_loss 0.0 / cont_loss 0.0 / kl_free 1.0 / dyn_scale 0.5 / rep_scale 0.1 / dyn_loss 4.8 / rep_loss 4.8 / kl 4.8 / prior_abs_ent 33.1 / post_abs_ent -23.7 / prior_obs_ent -1.6 / post_obs_ent -5.6 / boundary_ratio 0.0 / kl_mask 0.0 / normed_target_mean 0.3 / normed_target_std 0.6 / normed_target_min -0.1 / normed_target_max 7.4 / EMA_005 0.2 / EMA_095 13.6 / value_mean 3.5 / value_std 6.3 / value_min 0.0 / value_max 80.2 / target_mean 3.8 / target_std 7.7 / target_min -1.7 / target_max 99.2 / imag_reward_mean 0.0 / imag_reward_std 1.3 / imag_reward_min -4.9 / imag_reward_max 54.4 / imag_action_mean 6.4 / imag_action_std 2.7 / imag_action_min 0.0 / imag_action_max 17.0 / actor_entropy 0.3 / actor_loss 0.1 / actor_grad_norm 0.5 / value_loss 1.8 / value_grad_norm 2.6 / update_count 19376.0 / fps 14.8
add_video needs package moviepy
add_video needs package moviepy
[489448] 
Start evaluation.
[489448] eval_return 100.0 / eval_length 2694.0 / eval_episodes 5.0
add_video needs package moviepy
Start training.
[489448] model_loss 4.3 / model_grad_norm 16.5 / image_loss 1.4 / reward_loss 0.0 / cont_loss 0.0 / kl_free 1.0 / dyn_scale 0.5 / rep_scale 0.1 / dyn_loss 4.8 / rep_loss 4.8 / kl 4.8 / prior_abs_ent 33.1 / post_abs_ent -23.7 / prior_obs_ent -2.0 / post_obs_ent -5.9 / boundary_ratio 0.0 / kl_mask 0.0 / normed_target_mean 0.3 / normed_target_std 0.7 / normed_target_min -0.2 / normed_target_max 8.7 / EMA_005 0.2 / EMA_095 11.4 / value_mean 3.0 / value_std 6.2 / value_min -0.0 / value_max 80.6 / target_mean 3.2 / target_std 7.4 / target_min -2.0 / target_max 98.1 / imag_reward_mean 0.0 / imag_reward_std 1.3 / imag_reward_min -8.1 / imag_reward_max 56.8 / imag_action_mean 6.4 / imag_action_std 2.8 / imag_action_min 0.0 / imag_action_max 17.0 / actor_entropy 0.3 / actor_loss 0.1 / actor_grad_norm 0.5 / value_loss 1.8 / value_grad_norm 3.1 / update_count 20001.0 / fps 14.9
add_video needs package moviepy
add_video needs package moviepy
[491948] 
Start evaluation.
[491948] eval_return 100.0 / eval_length 2695.0 / eval_episodes 5.0
add_video needs package moviepy
Start training.
[491948] model_loss 4.5 / model_grad_norm 18.0 / image_loss 1.5 / reward_loss 0.0 / cont_loss 0.0 / kl_free 1.0 / dyn_scale 0.5 / rep_scale 0.1 / dyn_loss 4.9 / rep_loss 4.9 / kl 4.9 / prior_abs_ent 33.2 / post_abs_ent -23.7 / prior_obs_ent -1.5 / post_obs_ent -5.5 / boundary_ratio 0.0 / kl_mask 0.0 / normed_target_mean 0.2 / normed_target_std 0.6 / normed_target_min -0.2 / normed_target_max 8.3 / EMA_005 0.2 / EMA_095 12.7 / value_mean 2.9 / value_std 6.8 / value_min -0.1 / value_max 83.0 / target_mean 3.1 / target_std 8.1 / target_min -2.4 / target_max 103.9 / imag_reward_mean 0.0 / imag_reward_std 1.4 / imag_reward_min -7.1 / imag_reward_max 58.5 / imag_action_mean 7.5 / imag_action_std 3.4 / imag_action_min 0.0 / imag_action_max 17.0 / actor_entropy 0.4 / actor_loss 0.1 / actor_grad_norm 0.6 / value_loss 1.8 / value_grad_norm 3.3 / update_count 20626.0 / fps 14.8
add_video needs package moviepy
add_video needs package moviepy
[494448] 
Start evaluation.
[494448] eval_return 100.0 / eval_length 2695.4 / eval_episodes 5.0
add_video needs package moviepy
Start training.
[494448] model_loss 4.5 / model_grad_norm 18.3 / image_loss 1.6 / reward_loss 0.0 / cont_loss 0.0 / kl_free 1.0 / dyn_scale 0.5 / rep_scale 0.1 / dyn_loss 4.9 / rep_loss 4.9 / kl 4.8 / prior_abs_ent 33.1 / post_abs_ent -23.6 / prior_obs_ent -0.4 / post_obs_ent -4.4 / boundary_ratio 0.0 / kl_mask 0.0 / normed_target_mean 0.2 / normed_target_std 0.6 / normed_target_min -0.2 / normed_target_max 8.0 / EMA_005 0.1 / EMA_095 13.8 / value_mean 3.0 / value_std 6.7 / value_min -0.1 / value_max 81.5 / target_mean 3.4 / target_std 8.5 / target_min -2.8 / target_max 108.5 / imag_reward_mean 0.0 / imag_reward_std 1.4 / imag_reward_min -4.7 / imag_reward_max 61.4 / imag_action_mean 8.8 / imag_action_std 4.0 / imag_action_min 0.0 / imag_action_max 17.0 / actor_entropy 0.5 / actor_loss 0.2 / actor_grad_norm 0.7 / value_loss 1.9 / value_grad_norm 3.5 / update_count 21251.0 / fps 14.7
add_video needs package moviepy
add_video needs package moviepy
[495692] dataset_size 123923.0 / train_return 100.0 / train_length 2696.0 / train_episodes 46.0
[496948] 
Start evaluation.
[496948] eval_return 100.0 / eval_length 2694.6 / eval_episodes 5.0
add_video needs package moviepy
Start training.
[496948] model_loss 4.4 / model_grad_norm 12.7 / image_loss 1.5 / reward_loss 0.0 / cont_loss 0.0 / kl_free 1.0 / dyn_scale 0.5 / rep_scale 0.1 / dyn_loss 4.8 / rep_loss 4.8 / kl 4.8 / prior_abs_ent 33.1 / post_abs_ent -23.8 / prior_obs_ent -2.1 / post_obs_ent -6.1 / boundary_ratio 0.0 / kl_mask 0.0 / normed_target_mean 0.2 / normed_target_std 0.5 / normed_target_min -0.2 / normed_target_max 5.7 / EMA_005 0.1 / EMA_095 18.2 / value_mean 3.7 / value_std 7.2 / value_min -0.2 / value_max 80.4 / target_mean 4.3 / target_std 8.9 / target_min -2.6 / target_max 102.6 / imag_reward_mean 0.0 / imag_reward_std 1.4 / imag_reward_min -3.7 / imag_reward_max 61.7 / imag_action_mean 7.0 / imag_action_std 2.8 / imag_action_min 0.0 / imag_action_max 17.0 / actor_entropy 0.2 / actor_loss 0.1 / actor_grad_norm 0.6 / value_loss 1.9 / value_grad_norm 2.9 / update_count 21876.0 / fps 14.8
add_video needs package moviepy
add_video needs package moviepy
[499448] 
Start evaluation.
[499448] eval_return 40.0 / eval_length 2693.4 / eval_episodes 5.0
add_video needs package moviepy
Start training.
[499448] model_loss 4.5 / model_grad_norm 14.6 / image_loss 1.6 / reward_loss 0.0 / cont_loss 0.0 / kl_free 1.0 / dyn_scale 0.5 / rep_scale 0.1 / dyn_loss 4.8 / rep_loss 4.8 / kl 4.8 / prior_abs_ent 33.2 / post_abs_ent -23.8 / prior_obs_ent -2.1 / post_obs_ent -6.1 / boundary_ratio 0.0 / kl_mask 0.0 / normed_target_mean 0.2 / normed_target_std 0.5 / normed_target_min -0.2 / normed_target_max 5.9 / EMA_005 0.1 / EMA_095 18.3 / value_mean 4.0 / value_std 7.1 / value_min -0.2 / value_max 79.7 / target_mean 4.5 / target_std 8.8 / target_min -3.3 / target_max 106.0 / imag_reward_mean 0.0 / imag_reward_std 1.4 / imag_reward_min -6.0 / imag_reward_max 60.3 / imag_action_mean 6.6 / imag_action_std 2.3 / imag_action_min 0.0 / imag_action_max 17.0 / actor_entropy 0.2 / actor_loss 0.1 / actor_grad_norm 0.5 / value_loss 1.9 / value_grad_norm 2.5 / update_count 22501.0 / fps 14.8
add_video needs package moviepy
add_video needs package moviepy
[501948] 
Start evaluation.
[501948] eval_return 100.0 / eval_length 2694.4 / eval_episodes 5.0
add_video needs package moviepy
Start training.
[501948] model_loss 4.5 / model_grad_norm 14.2 / image_loss 1.5 / reward_loss 0.0 / cont_loss 0.0 / kl_free 1.0 / dyn_scale 0.5 / rep_scale 0.1 / dyn_loss 4.8 / rep_loss 4.8 / kl 4.8 / prior_abs_ent 33.1 / post_abs_ent -23.9 / prior_obs_ent -2.1 / post_obs_ent -6.1 / boundary_ratio 0.0 / kl_mask 0.0 / normed_target_mean 0.3 / normed_target_std 0.5 / normed_target_min -0.3 / normed_target_max 6.6 / EMA_005 0.1 / EMA_095 15.7 / value_mean 3.8 / value_std 6.8 / value_min -0.1 / value_max 79.1 / target_mean 4.2 / target_std 8.4 / target_min -4.0 / target_max 103.0 / imag_reward_mean 0.0 / imag_reward_std 1.4 / imag_reward_min -7.4 / imag_reward_max 61.4 / imag_action_mean 6.7 / imag_action_std 2.3 / imag_action_min 0.0 / imag_action_max 17.0 / actor_entropy 0.2 / actor_loss 0.1 / actor_grad_norm 0.5 / value_loss 1.8 / value_grad_norm 2.5 / update_count 23126.0 / fps 14.8
add_video needs package moviepy
add_video needs package moviepy
