[2026-02-08 22:05:05] Watcher started. Waiting for seed1 completion (target step=400000).
[2026-02-08 22:05:05] seed1 running. latest_step=46804
0.
[2026-02-08 22:05:44] Watcher started. Waiting for seed1 completion (target step=400000).
[2026-02-08 22:05:44] seed1 running. latest_step=47428.
[2026-02-08 22:06:44] seed1 running. latest_step=48052.
[2026-02-08 22:07:44] seed1 running. latest_step=48676.
[2026-02-08 22:08:44] seed1 running. latest_step=49924.
[2026-02-08 22:09:44] seed1 running. latest_step=50548.
[2026-02-08 22:10:44] seed1 running. latest_step=51172.
[2026-02-08 22:11:44] seed1 running. latest_step=52108.
[2026-02-08 22:12:44] seed1 running. latest_step=53044.
[2026-02-08 22:13:44] seed1 running. latest_step=53668.
[2026-02-08 22:14:44] seed1 running. latest_step=54292.
[2026-02-08 22:15:44] seed1 running. latest_step=54916.
[2026-02-08 22:16:44] seed1 running. latest_step=55540.
[2026-02-08 22:17:44] seed1 running. latest_step=56788.
[2026-02-08 22:18:44] seed1 running. latest_step=57412.
[2026-02-08 22:19:44] seed1 running. latest_step=58244.
[2026-02-08 22:20:44] seed1 running. latest_step=58660.
[2026-02-08 22:21:44] seed1 running. latest_step=59908.
[2026-02-08 22:22:44] seed1 running. latest_step=60532.
[2026-02-08 22:23:44] seed1 running. latest_step=61156.
[2026-02-08 22:24:44] seed1 running. latest_step=61780.
[2026-02-08 22:25:44] seed1 running. latest_step=62656.
[2026-02-08 22:26:44] seed1 running. latest_step=63652.
[2026-02-08 22:27:44] seed1 running. latest_step=64276.
[2026-02-08 22:28:44] seed1 running. latest_step=64900.
[2026-02-08 22:29:44] seed1 running. latest_step=65524.
[2026-02-08 22:30:44] seed1 running. latest_step=66772.
[2026-02-08 22:31:44] seed1 running. latest_step=67396.
[2026-02-08 22:32:44] seed1 running. latest_step=68020.
[2026-02-08 22:33:44] seed1 running. latest_step=68644.
[2026-02-08 22:34:45] seed1 running. latest_step=69268.
[2026-02-08 22:35:45] seed1 running. latest_step=70516.
[2026-02-08 22:36:45] seed1 running. latest_step=71140.
[2026-02-08 22:37:45] seed1 running. latest_step=71764.
[2026-02-08 22:38:45] seed1 running. latest_step=72388.
[2026-02-08 22:39:45] seed1 running. latest_step=73636.
[2026-02-08 22:40:45] seed1 running. latest_step=74260.
[2026-02-08 22:41:45] seed1 running. latest_step=74884.
[2026-02-08 22:42:45] seed1 running. latest_step=75508.
[2026-02-08 22:43:45] seed1 running. latest_step=76756.
[2026-02-08 22:44:45] seed1 running. latest_step=77380.
[2026-02-08 22:45:45] seed1 running. latest_step=78004.
[2026-02-08 22:46:45] seed1 running. latest_step=78628.
[2026-02-08 22:47:45] seed1 running. latest_step=79876.
[2026-02-08 22:48:45] seed1 running. latest_step=80500.
[2026-02-08 22:49:45] seed1 running. latest_step=81124.
[2026-02-08 22:50:45] seed1 running. latest_step=81748.
[2026-02-08 22:51:45] seed1 running. latest_step=82372.
[2026-02-08 22:52:45] seed1 running. latest_step=83620.
[2026-02-08 22:53:45] seed1 running. latest_step=84244.
[2026-02-08 22:54:45] seed1 running. latest_step=84868.
[2026-02-08 22:55:45] seed1 running. latest_step=85492.
[2026-02-08 22:56:45] seed1 running. latest_step=86740.
[2026-02-08 22:57:45] seed1 running. latest_step=87364.
[2026-02-08 22:58:45] seed1 running. latest_step=87988.
[2026-02-08 22:59:45] seed1 running. latest_step=88612.
[2026-02-08 23:00:45] seed1 running. latest_step=89860.
[2026-02-08 23:01:45] seed1 running. latest_step=90484.
[2026-02-08 23:02:45] seed1 running. latest_step=91108.
[2026-02-08 23:03:45] seed1 running. latest_step=91732.
[2026-02-08 23:04:45] seed1 running. latest_step=92356.
[2026-02-08 23:05:45] seed1 running. latest_step=93604.
[2026-02-08 23:06:46] seed1 running. latest_step=94228.
[2026-02-08 23:07:46] seed1 running. latest_step=94852.
[2026-02-08 23:08:46] seed1 running. latest_step=95852.
[2026-02-08 23:09:46] seed1 running. latest_step=96724.
[2026-02-08 23:10:46] seed1 running. latest_step=97348.
[2026-02-08 23:11:46] seed1 running. latest_step=97972.
[2026-02-08 23:12:46] seed1 running. latest_step=98596.
[2026-02-08 23:13:46] seed1 running. latest_step=99220.
[2026-02-08 23:14:46] seed1 running. latest_step=100468.
[2026-02-08 23:15:46] seed1 running. latest_step=101092.
[2026-02-08 23:16:46] seed1 running. latest_step=101716.
[2026-02-08 23:17:46] seed1 running. latest_step=102340.
[2026-02-08 23:18:46] seed1 running. latest_step=102964.
[2026-02-08 23:19:46] seed1 running. latest_step=104212.
[2026-02-08 23:20:46] seed1 running. latest_step=104836.
[2026-02-08 23:21:46] seed1 running. latest_step=105460.
[2026-02-08 23:22:46] seed1 running. latest_step=106084.
[2026-02-08 23:23:46] seed1 running. latest_step=107332.
[2026-02-08 23:24:46] seed1 running. latest_step=107956.
[2026-02-08 23:25:46] seed1 running. latest_step=108580.
[2026-02-08 23:26:46] seed1 running. latest_step=109204.
[2026-02-08 23:27:46] seed1 running. latest_step=109828.
[2026-02-08 23:28:46] seed1 running. latest_step=111076.
[2026-02-08 23:29:46] seed1 running. latest_step=111700.
[2026-02-08 23:30:46] seed1 running. latest_step=112324.
[2026-02-08 23:31:46] seed1 running. latest_step=112948.
[2026-02-08 23:32:46] seed1 running. latest_step=114196.
[2026-02-08 23:33:46] seed1 running. latest_step=114820.
[2026-02-08 23:34:46] seed1 running. latest_step=115444.
[2026-02-08 23:35:46] seed1 running. latest_step=116068.
[2026-02-08 23:36:46] seed1 running. latest_step=116692.
[2026-02-08 23:37:47] seed1 running. latest_step=117940.
[2026-02-08 23:38:47] seed1 running. latest_step=118564.
[2026-02-08 23:39:47] seed1 running. latest_step=119188.
[2026-02-08 23:40:47] seed1 running. latest_step=119812.
[2026-02-08 23:41:47] seed1 running. latest_step=121060.
[2026-02-08 23:42:47] seed1 running. latest_step=121684.
[2026-02-08 23:43:47] seed1 running. latest_step=122308.
[2026-02-08 23:44:47] seed1 running. latest_step=122932.
[2026-02-08 23:45:47] seed1 running. latest_step=123556.
[2026-02-08 23:46:47] seed1 running. latest_step=124804.
[2026-02-08 23:47:47] seed1 running. latest_step=125428.
[2026-02-08 23:48:47] seed1 running. latest_step=126052.
[2026-02-08 23:49:47] seed1 running. latest_step=126904.
[2026-02-08 23:50:47] seed1 running. latest_step=127924.
[2026-02-08 23:51:47] seed1 running. latest_step=128548.
[2026-02-08 23:52:47] seed1 running. latest_step=129172.
[2026-02-08 23:53:47] seed1 running. latest_step=129796.
[2026-02-08 23:54:47] seed1 running. latest_step=130420.
[2026-02-08 23:55:47] seed1 running. latest_step=131668.
[2026-02-08 23:56:47] seed1 running. latest_step=132292.
[2026-02-08 23:57:47] seed1 running. latest_step=132916.
[2026-02-08 23:58:47] seed1 running. latest_step=133540.
[2026-02-08 23:59:47] seed1 running. latest_step=134164.
[2026-02-09 00:00:47] seed1 running. latest_step=135412.
[2026-02-09 00:01:47] seed1 running. latest_step=136036.
[2026-02-09 00:02:47] seed1 running. latest_step=136832.
[2026-02-09 00:03:47] seed1 running. latest_step=137284.
[2026-02-09 00:04:47] seed1 running. latest_step=137908.
[2026-02-09 00:05:47] seed1 running. latest_step=139156.
[2026-02-09 00:06:47] seed1 running. latest_step=139780.
[2026-02-09 00:07:47] seed1 running. latest_step=140404.
[2026-02-09 00:08:48] seed1 running. latest_step=141028.
[2026-02-09 00:09:48] seed1 running. latest_step=142276.
[2026-02-09 00:10:48] seed1 running. latest_step=142900.
[2026-02-09 00:11:48] seed1 running. latest_step=143524.
[2026-02-09 00:12:48] seed1 running. latest_step=144148.
[2026-02-09 00:13:48] seed1 running. latest_step=144772.
[2026-02-09 00:14:48] seed1 running. latest_step=146020.
[2026-02-09 00:15:48] seed1 running. latest_step=146672.
[2026-02-09 00:16:48] seed1 running. latest_step=147268.
[2026-02-09 00:17:48] seed1 running. latest_step=147892.
[2026-02-09 00:18:48] seed1 running. latest_step=149140.
[2026-02-09 00:19:48] seed1 running. latest_step=149764.
[2026-02-09 00:20:48] seed1 running. latest_step=150388.
[2026-02-09 00:21:48] seed1 running. latest_step=151012.
[2026-02-09 00:22:48] seed1 running. latest_step=151636.
[2026-02-09 00:23:48] seed1 running. latest_step=152628.
[2026-02-09 00:24:48] seed1 running. latest_step=153508.
[2026-02-09 00:25:48] seed1 running. latest_step=154132.
[2026-02-09 00:26:48] seed1 running. latest_step=154756.
[2026-02-09 00:27:48] seed1 running. latest_step=155380.
[2026-02-09 00:28:48] seed1 running. latest_step=156628.
[2026-02-09 00:29:48] seed1 running. latest_step=157252.
[2026-02-09 00:30:48] seed1 running. latest_step=157876.
[2026-02-09 00:31:48] seed1 running. latest_step=158516.
[2026-02-09 00:32:48] seed1 running. latest_step=159124.
[2026-02-09 00:33:48] seed1 running. latest_step=160372.
[2026-02-09 00:34:48] seed1 running. latest_step=160996.
[2026-02-09 00:35:48] seed1 running. latest_step=161620.
[2026-02-09 00:36:48] seed1 running. latest_step=162244.
[2026-02-09 00:37:48] seed1 running. latest_step=162868.
[2026-02-09 00:38:48] seed1 running. latest_step=164116.
[2026-02-09 00:39:48] seed1 running. latest_step=164740.
[2026-02-09 00:40:48] seed1 running. latest_step=165364.
[2026-02-09 00:41:49] seed1 running. latest_step=165988.
[2026-02-09 00:42:49] seed1 running. latest_step=166612.
[2026-02-09 00:43:49] seed1 running. latest_step=167860.
[2026-02-09 00:44:49] seed1 running. latest_step=168484.
[2026-02-09 00:45:49] seed1 running. latest_step=169108.
[2026-02-09 00:46:49] seed1 running. latest_step=169732.
[2026-02-09 00:47:49] seed1 running. latest_step=170356.
[2026-02-09 00:48:49] seed1 running. latest_step=170980.
[2026-02-09 00:49:49] seed1 running. latest_step=172228.
[2026-02-09 00:50:49] seed1 running. latest_step=172852.
[2026-02-09 00:51:49] seed1 running. latest_step=173476.
[2026-02-09 00:52:49] seed1 running. latest_step=174100.
[2026-02-09 00:53:49] seed1 running. latest_step=174724.
[2026-02-09 00:54:49] seed1 running. latest_step=175972.
[2026-02-09 00:55:49] seed1 running. latest_step=176596.
[2026-02-09 00:56:49] seed1 running. latest_step=177220.
[2026-02-09 00:57:49] seed1 running. latest_step=177844.
[2026-02-09 00:58:49] seed1 running. latest_step=178468.
[2026-02-09 00:59:49] seed1 running. latest_step=179092.
[2026-02-09 01:00:49] seed1 running. latest_step=180340.
[2026-02-09 01:01:49] seed1 running. latest_step=180964.
[2026-02-09 01:02:49] seed1 running. latest_step=181588.
[2026-02-09 01:03:49] seed1 running. latest_step=182212.
[2026-02-09 01:04:49] seed1 running. latest_step=182836.
[2026-02-09 01:05:49] seed1 running. latest_step=184084.
[2026-02-09 01:06:49] seed1 running. latest_step=184708.
[2026-02-09 01:07:49] seed1 running. latest_step=185332.
[2026-02-09 01:08:49] seed1 running. latest_step=186172.
[2026-02-09 01:09:49] seed1 running. latest_step=186580.
[2026-02-09 01:10:49] seed1 running. latest_step=187828.
[2026-02-09 01:11:49] seed1 running. latest_step=188452.
[2026-02-09 01:12:49] seed1 running. latest_step=189076.
[2026-02-09 01:13:50] seed1 running. latest_step=189700.
[2026-02-09 01:14:50] seed1 running. latest_step=190324.
[2026-02-09 01:15:50] seed1 running. latest_step=190948.
[2026-02-09 01:16:50] seed1 running. latest_step=192196.
[2026-02-09 01:17:50] seed1 running. latest_step=192820.
[2026-02-09 01:18:50] seed1 running. latest_step=193444.
[2026-02-09 01:19:50] seed1 running. latest_step=194068.
[2026-02-09 01:20:50] seed1 running. latest_step=194692.
[2026-02-09 01:21:50] seed1 running. latest_step=195940.
[2026-02-09 01:22:50] seed1 running. latest_step=196564.
[2026-02-09 01:23:50] seed1 running. latest_step=197188.
[2026-02-09 01:24:50] seed1 running. latest_step=197812.
[2026-02-09 01:25:50] seed1 running. latest_step=198436.
[2026-02-09 01:26:50] seed1 running. latest_step=199060.
[2026-02-09 01:27:50] seed1 running. latest_step=200308.
[2026-02-09 01:28:50] seed1 running. latest_step=200932.
[2026-02-09 01:29:50] seed1 running. latest_step=201556.
[2026-02-09 01:30:50] seed1 running. latest_step=202180.
[2026-02-09 01:31:50] seed1 running. latest_step=202804.
[2026-02-09 01:32:50] seed1 running. latest_step=204052.
[2026-02-09 01:33:50] seed1 running. latest_step=204676.
[2026-02-09 01:34:50] seed1 running. latest_step=205300.
[2026-02-09 01:35:50] seed1 running. latest_step=205924.
[2026-02-09 01:36:50] seed1 running. latest_step=206548.
[2026-02-09 01:37:50] seed1 running. latest_step=207172.
[2026-02-09 01:38:50] seed1 running. latest_step=208420.
[2026-02-09 01:39:50] seed1 running. latest_step=209044.
[2026-02-09 01:40:50] seed1 running. latest_step=209668.
[2026-02-09 01:41:50] seed1 running. latest_step=210292.
[2026-02-09 01:42:50] seed1 running. latest_step=210916.
[2026-02-09 01:43:50] seed1 running. latest_step=212164.
[2026-02-09 01:44:50] seed1 running. latest_step=212788.
[2026-02-09 01:45:50] seed1 running. latest_step=213412.
[2026-02-09 01:46:51] seed1 running. latest_step=214036.
[2026-02-09 01:47:51] seed1 running. latest_step=214660.
[2026-02-09 01:48:51] seed1 running. latest_step=215908.
[2026-02-09 01:49:51] seed1 running. latest_step=216532.
[2026-02-09 01:50:51] seed1 running. latest_step=217156.
[2026-02-09 01:51:51] seed1 running. latest_step=217780.
[2026-02-09 01:52:51] seed1 running. latest_step=218404.
[2026-02-09 01:53:51] seed1 running. latest_step=219028.
[2026-02-09 01:54:51] seed1 running. latest_step=220276.
[2026-02-09 01:55:51] seed1 running. latest_step=220900.
[2026-02-09 01:56:51] seed1 running. latest_step=221524.
[2026-02-09 01:57:51] seed1 running. latest_step=222148.
[2026-02-09 01:58:51] seed1 running. latest_step=222772.
[2026-02-09 01:59:51] seed1 running. latest_step=224020.
[2026-02-09 02:00:51] seed1 running. latest_step=224644.
[2026-02-09 02:01:51] seed1 running. latest_step=225268.
[2026-02-09 02:02:51] seed1 running. latest_step=225972.
[2026-02-09 02:03:51] seed1 running. latest_step=226516.
[2026-02-09 02:04:51] seed1 running. latest_step=227140.
[2026-02-09 02:05:51] seed1 running. latest_step=228388.
[2026-02-09 02:06:51] seed1 running. latest_step=229012.
[2026-02-09 02:07:51] seed1 running. latest_step=229636.
[2026-02-09 02:08:51] seed1 running. latest_step=230260.
[2026-02-09 02:09:51] seed1 running. latest_step=230884.
[2026-02-09 02:10:51] seed1 running. latest_step=231508.
[2026-02-09 02:11:51] seed1 running. latest_step=232756.
[2026-02-09 02:12:51] seed1 running. latest_step=233380.
[2026-02-09 02:13:51] seed1 running. latest_step=234004.
[2026-02-09 02:14:51] seed1 running. latest_step=234628.
[2026-02-09 02:15:51] seed1 running. latest_step=235252.
[2026-02-09 02:16:51] seed1 running. latest_step=236500.
[2026-02-09 02:17:52] seed1 running. latest_step=237124.
[2026-02-09 02:18:52] seed1 running. latest_step=237748.
[2026-02-09 02:19:52] seed1 running. latest_step=238372.
[2026-02-09 02:20:52] seed1 running. latest_step=238996.
[2026-02-09 02:21:52] seed1 running. latest_step=240244.
[2026-02-09 02:22:52] seed1 running. latest_step=240868.
[2026-02-09 02:23:52] seed1 running. latest_step=241492.
[2026-02-09 02:24:52] seed1 running. latest_step=242116.
[2026-02-09 02:25:52] seed1 running. latest_step=242740.
[2026-02-09 02:26:52] seed1 running. latest_step=243364.
[2026-02-09 02:27:52] seed1 running. latest_step=244612.
[2026-02-09 02:28:52] seed1 running. latest_step=245236.
[2026-02-09 02:29:52] seed1 running. latest_step=245860.
[2026-02-09 02:30:52] seed1 running. latest_step=246484.
[2026-02-09 02:31:52] seed1 running. latest_step=247108.
[2026-02-09 02:32:52] seed1 running. latest_step=248356.
[2026-02-09 02:33:52] seed1 running. latest_step=248980.
[2026-02-09 02:34:52] seed1 running. latest_step=249604.
[2026-02-09 02:35:52] seed1 running. latest_step=250228.
[2026-02-09 02:36:52] seed1 running. latest_step=250852.
[2026-02-09 02:37:52] seed1 running. latest_step=251476.
[2026-02-09 02:38:52] seed1 running. latest_step=252724.
[2026-02-09 02:39:52] seed1 running. latest_step=253348.
[2026-02-09 02:40:52] seed1 running. latest_step=253972.
[2026-02-09 02:41:52] seed1 running. latest_step=254596.
[2026-02-09 02:42:52] seed1 running. latest_step=255220.
[2026-02-09 02:43:52] seed1 running. latest_step=255844.
[2026-02-09 02:44:52] seed1 running. latest_step=257092.
[2026-02-09 02:45:52] seed1 running. latest_step=257716.
[2026-02-09 02:46:52] seed1 running. latest_step=258340.
[2026-02-09 02:47:52] seed1 running. latest_step=258964.
[2026-02-09 02:48:52] seed1 running. latest_step=259588.
[2026-02-09 02:49:52] seed1 running. latest_step=260836.
[2026-02-09 02:50:53] seed1 running. latest_step=261460.
[2026-02-09 02:51:53] seed1 running. latest_step=262084.
[2026-02-09 02:52:53] seed1 running. latest_step=262708.
[2026-02-09 02:53:53] seed1 running. latest_step=263332.
[2026-02-09 02:54:53] seed1 running. latest_step=263956.
[2026-02-09 02:55:53] seed1 running. latest_step=264616.
[2026-02-09 02:56:53] seed1 running. latest_step=265828.
[2026-02-09 02:57:53] seed1 running. latest_step=266452.
[2026-02-09 02:58:53] seed1 running. latest_step=267076.
[2026-02-09 02:59:53] seed1 running. latest_step=267700.
[2026-02-09 03:00:53] seed1 running. latest_step=268324.
[2026-02-09 03:01:53] seed1 running. latest_step=268948.
[2026-02-09 03:02:53] seed1 running. latest_step=270196.
[2026-02-09 03:03:53] seed1 running. latest_step=270820.
[2026-02-09 03:04:53] seed1 running. latest_step=271444.
[2026-02-09 03:05:53] seed1 running. latest_step=272068.
[2026-02-09 03:06:53] seed1 running. latest_step=272692.
[2026-02-09 03:07:53] seed1 running. latest_step=273940.
[2026-02-09 03:08:53] seed1 running. latest_step=274564.
[2026-02-09 03:09:53] seed1 running. latest_step=275188.
[2026-02-09 03:10:53] seed1 running. latest_step=275812.
[2026-02-09 03:11:53] seed1 running. latest_step=276436.
[2026-02-09 03:12:53] seed1 running. latest_step=277060.
[2026-02-09 03:13:53] seed1 running. latest_step=278308.
[2026-02-09 03:14:53] seed1 running. latest_step=278932.
[2026-02-09 03:15:53] seed1 running. latest_step=279556.
[2026-02-09 03:16:53] seed1 running. latest_step=280180.
[2026-02-09 03:17:53] seed1 running. latest_step=280804.
[2026-02-09 03:18:53] seed1 running. latest_step=281568.
[2026-02-09 03:19:53] seed1 running. latest_step=282676.
[2026-02-09 03:20:53] seed1 running. latest_step=283300.
[2026-02-09 03:21:53] seed1 running. latest_step=283924.
[2026-02-09 03:22:54] seed1 running. latest_step=284548.
[2026-02-09 03:23:54] seed1 running. latest_step=285172.
[2026-02-09 03:24:54] seed1 running. latest_step=285796.
[2026-02-09 03:25:54] seed1 running. latest_step=287044.
[2026-02-09 03:26:54] seed1 running. latest_step=287668.
[2026-02-09 03:27:54] seed1 running. latest_step=288292.
[2026-02-09 03:28:54] seed1 running. latest_step=288916.
[2026-02-09 03:29:54] seed1 running. latest_step=289540.
[2026-02-09 03:30:54] seed1 running. latest_step=290164.
[2026-02-09 03:31:54] seed1 running. latest_step=291412.
[2026-02-09 03:32:54] seed1 running. latest_step=292036.
[2026-02-09 03:33:54] seed1 running. latest_step=292660.
[2026-02-09 03:34:54] seed1 running. latest_step=293284.
[2026-02-09 03:35:54] seed1 running. latest_step=293908.
[2026-02-09 03:36:54] seed1 running. latest_step=294532.
[2026-02-09 03:37:54] seed1 running. latest_step=295780.
[2026-02-09 03:38:54] seed1 running. latest_step=296404.
[2026-02-09 03:39:54] seed1 running. latest_step=297028.
[2026-02-09 03:40:54] seed1 running. latest_step=297652.
[2026-02-09 03:41:54] seed1 running. latest_step=298276.
[2026-02-09 03:42:54] seed1 running. latest_step=299056.
[2026-02-09 03:43:54] seed1 running. latest_step=300148.
[2026-02-09 03:44:54] seed1 running. latest_step=300772.
[2026-02-09 03:45:54] seed1 running. latest_step=301396.
[2026-02-09 03:46:54] seed1 running. latest_step=302020.
[2026-02-09 03:47:54] seed1 running. latest_step=302644.
[2026-02-09 03:48:54] seed1 running. latest_step=303268.
[2026-02-09 03:49:54] seed1 running. latest_step=304516.
[2026-02-09 03:50:54] seed1 running. latest_step=305140.
[2026-02-09 03:51:54] seed1 running. latest_step=305764.
[2026-02-09 03:52:54] seed1 running. latest_step=306388.
[2026-02-09 03:53:54] seed1 running. latest_step=307012.
[2026-02-09 03:54:55] seed1 running. latest_step=308260.
[2026-02-09 03:55:55] seed1 running. latest_step=308884.
[2026-02-09 03:56:55] seed1 running. latest_step=309508.
[2026-02-09 03:57:55] seed1 running. latest_step=310452.
[2026-02-09 03:58:55] seed1 running. latest_step=310756.
[2026-02-09 03:59:55] seed1 running. latest_step=312004.
[2026-02-09 04:00:55] seed1 running. latest_step=312628.
[2026-02-09 04:01:55] seed1 running. latest_step=313252.
[2026-02-09 04:02:55] seed1 running. latest_step=313876.
[2026-02-09 04:03:55] seed1 running. latest_step=314500.
[2026-02-09 04:04:55] seed1 running. latest_step=315124.
[2026-02-09 04:05:55] seed1 running. latest_step=316372.
[2026-02-09 04:06:55] seed1 running. latest_step=316996.
[2026-02-09 04:07:55] seed1 running. latest_step=317620.
[2026-02-09 04:08:55] seed1 running. latest_step=318244.
[2026-02-09 04:09:55] seed1 running. latest_step=318868.
[2026-02-09 04:10:55] seed1 running. latest_step=319492.
[2026-02-09 04:11:55] seed1 running. latest_step=320740.
[2026-02-09 04:12:55] seed1 running. latest_step=321364.
[2026-02-09 04:13:55] seed1 running. latest_step=321988.
[2026-02-09 04:14:55] seed1 running. latest_step=322612.
[2026-02-09 04:15:55] seed1 running. latest_step=323236.
[2026-02-09 04:16:55] seed1 running. latest_step=324484.
[2026-02-09 04:17:55] seed1 running. latest_step=325108.
[2026-02-09 04:18:55] seed1 running. latest_step=325732.
[2026-02-09 04:19:55] seed1 running. latest_step=326356.
[2026-02-09 04:20:55] seed1 running. latest_step=326980.
[2026-02-09 04:21:55] seed1 running. latest_step=327604.
[2026-02-09 04:22:55] seed1 running. latest_step=328852.
[2026-02-09 04:23:55] seed1 running. latest_step=329476.
[2026-02-09 04:24:55] seed1 running. latest_step=330100.
[2026-02-09 04:25:55] seed1 running. latest_step=330724.
[2026-02-09 04:26:56] seed1 running. latest_step=331532.
[2026-02-09 04:27:56] seed1 running. latest_step=331972.
[2026-02-09 04:28:56] seed1 running. latest_step=333220.
[2026-02-09 04:29:56] seed1 running. latest_step=333844.
[2026-02-09 04:30:56] seed1 running. latest_step=334468.
[2026-02-09 04:31:56] seed1 running. latest_step=335092.
[2026-02-09 04:32:56] seed1 running. latest_step=335716.
[2026-02-09 04:33:56] seed1 running. latest_step=336624.
[2026-02-09 04:34:56] seed1 running. latest_step=337588.
[2026-02-09 04:35:56] seed1 running. latest_step=338212.
[2026-02-09 04:36:56] seed1 running. latest_step=338836.
[2026-02-09 04:37:56] seed1 running. latest_step=339460.
[2026-02-09 04:38:56] seed1 running. latest_step=340084.
[2026-02-09 04:39:56] seed1 running. latest_step=340708.
[2026-02-09 04:40:56] seed1 running. latest_step=341956.
[2026-02-09 04:41:56] seed1 running. latest_step=342580.
[2026-02-09 04:42:56] seed1 running. latest_step=343204.
[2026-02-09 04:43:56] seed1 running. latest_step=343828.
[2026-02-09 04:44:56] seed1 running. latest_step=344452.
[2026-02-09 04:45:56] seed1 running. latest_step=345076.
[2026-02-09 04:46:56] seed1 running. latest_step=345700.
[2026-02-09 04:47:56] seed1 running. latest_step=346948.
[2026-02-09 04:48:56] seed1 running. latest_step=347572.
[2026-02-09 04:49:56] seed1 running. latest_step=348196.
[2026-02-09 04:50:56] seed1 running. latest_step=348820.
[2026-02-09 04:51:56] seed1 running. latest_step=349444.
[2026-02-09 04:52:56] seed1 running. latest_step=350068.
[2026-02-09 04:53:56] seed1 running. latest_step=351316.
[2026-02-09 04:54:56] seed1 running. latest_step=351940.
[2026-02-09 04:55:56] seed1 running. latest_step=352564.
[2026-02-09 04:56:56] seed1 running. latest_step=353188.
[2026-02-09 04:57:57] seed1 running. latest_step=353812.
[2026-02-09 04:58:57] seed1 running. latest_step=354436.
[2026-02-09 04:59:57] seed1 running. latest_step=355060.
[2026-02-09 05:00:57] seed1 running. latest_step=356308.
[2026-02-09 05:01:57] seed1 running. latest_step=356932.
[2026-02-09 05:02:57] seed1 running. latest_step=357556.
[2026-02-09 05:03:57] seed1 running. latest_step=358180.
[2026-02-09 05:04:57] seed1 running. latest_step=358804.
[2026-02-09 05:05:57] seed1 running. latest_step=360052.
[2026-02-09 05:06:57] seed1 running. latest_step=360676.
[2026-02-09 05:07:57] seed1 running. latest_step=361300.
[2026-02-09 05:08:57] seed1 running. latest_step=361924.
[2026-02-09 05:09:57] seed1 running. latest_step=362548.
[2026-02-09 05:10:57] seed1 running. latest_step=363172.
[2026-02-09 05:11:57] seed1 running. latest_step=363796.
[2026-02-09 05:12:57] seed1 running. latest_step=365044.
[2026-02-09 05:13:57] seed1 running. latest_step=365668.
[2026-02-09 05:14:57] seed1 running. latest_step=366292.
[2026-02-09 05:15:57] seed1 running. latest_step=366916.
[2026-02-09 05:16:57] seed1 running. latest_step=367540.
[2026-02-09 05:17:57] seed1 running. latest_step=368264.
[2026-02-09 05:18:57] seed1 running. latest_step=369412.
[2026-02-09 05:19:57] seed1 running. latest_step=370036.
[2026-02-09 05:20:57] seed1 running. latest_step=370660.
[2026-02-09 05:21:57] seed1 running. latest_step=371284.
[2026-02-09 05:22:57] seed1 running. latest_step=371908.
[2026-02-09 05:23:57] seed1 running. latest_step=372532.
[2026-02-09 05:24:57] seed1 running. latest_step=373156.
[2026-02-09 05:25:57] seed1 running. latest_step=374404.
[2026-02-09 05:26:57] seed1 running. latest_step=375028.
[2026-02-09 05:27:57] seed1 running. latest_step=375652.
[2026-02-09 05:28:57] seed1 running. latest_step=376276.
[2026-02-09 05:29:58] seed1 running. latest_step=376900.
[2026-02-09 05:30:58] seed1 running. latest_step=377524.
[2026-02-09 05:31:58] seed1 running. latest_step=378148.
[2026-02-09 05:32:58] seed1 running. latest_step=379396.
[2026-02-09 05:33:58] seed1 running. latest_step=380020.
[2026-02-09 05:34:58] seed1 running. latest_step=380644.
[2026-02-09 05:35:58] seed1 running. latest_step=381268.
[2026-02-09 05:36:58] seed1 running. latest_step=381892.
[2026-02-09 05:37:58] seed1 running. latest_step=382516.
[2026-02-09 05:38:58] seed1 running. latest_step=383764.
[2026-02-09 05:39:58] seed1 running. latest_step=384388.
[2026-02-09 05:40:58] seed1 running. latest_step=385012.
[2026-02-09 05:41:58] seed1 running. latest_step=385636.
[2026-02-09 05:42:58] seed1 running. latest_step=386260.
[2026-02-09 05:43:58] seed1 running. latest_step=386884.
[2026-02-09 05:44:58] seed1 running. latest_step=387508.
[2026-02-09 05:45:58] seed1 running. latest_step=388756.
[2026-02-09 05:46:58] seed1 running. latest_step=389380.
[2026-02-09 05:47:58] seed1 running. latest_step=390004.
[2026-02-09 05:48:58] seed1 running. latest_step=390628.
[2026-02-09 05:49:58] seed1 running. latest_step=391252.
[2026-02-09 05:50:58] seed1 running. latest_step=391876.
[2026-02-09 05:51:58] seed1 running. latest_step=393124.
[2026-02-09 05:52:58] seed1 running. latest_step=393748.
[2026-02-09 05:53:58] seed1 running. latest_step=394372.
[2026-02-09 05:54:58] seed1 running. latest_step=394996.
[2026-02-09 05:55:58] seed1 running. latest_step=395620.
[2026-02-09 05:56:58] seed1 running. latest_step=396724.
[2026-02-09 05:57:58] seed1 running. latest_step=397492.
[2026-02-09 05:58:59] seed1 running. latest_step=398116.
[2026-02-09 05:59:59] seed1 running. latest_step=398740.
[2026-02-09 06:00:59] seed1 running. latest_step=399364.
[2026-02-09 06:01:59] seed1 running. latest_step=399988.
[2026-02-09 06:02:59] seed1 running. latest_step=400612.
[2026-02-09 06:03:59] seed1 completed at step=400612. Launching seed2.
[2026-02-09 06:03:59] Starting seed2 training to 400000 steps.
[2026-02-09 15:21:18] seed2 finished successfully.
